 Land

 Timestamp is 58f76bc8 (Wed Apr 19 21:53:12 2017)

 Preferred load address is 00400000

 Start         Length     Name                   Class
 0001:00000000 000181aaH .text                   CODE
 0001:000181b0 000016c3H .text$x                 CODE
 0001:00019880 000000caH .text$yc                CODE
 0001:00019950 00000048H .text$yd                CODE
 0002:00000000 0000094cH .idata$5                DATA
 0002:00000950 00003550H .rdata                  DATA
 0002:00003ea0 0000007bH .rdata$debug            DATA
 0002:00003f1c 00000044H .rdata$r                DATA
 0002:00003f60 00000148H .rdata$sxdata           DATA
 0002:000040a8 00000004H .rtc$IAA                DATA
 0002:000040ac 00000004H .rtc$IZZ                DATA
 0002:000040b0 00000004H .rtc$TAA                DATA
 0002:000040b4 00000004H .rtc$TZZ                DATA
 0002:000040b8 000015fcH .xdata$x                DATA
 0002:000056b4 00000004H ATL$__a                 DATA
 0002:000056b8 00000004H ATL$__z                 DATA
 0002:000056bc 00000118H .idata$2                DATA
 0002:000057d4 00000014H .idata$3                DATA
 0002:000057e8 0000094cH .idata$4                DATA
 0002:00006134 000039b4H .idata$6                DATA
 0002:00009ae8 00000000H .edata                  DATA
 0003:00000000 00000004H .CRT$XCA                DATA
 0003:00000004 00000004H .CRT$XCAA               DATA
 0003:00000008 00000008H .CRT$XCL                DATA
 0003:00000010 00000014H .CRT$XCU                DATA
 0003:00000024 00000004H .CRT$XCZ                DATA
 0003:00000028 00000004H .CRT$XIA                DATA
 0003:0000002c 00000004H .CRT$XIZ                DATA
 0003:00000030 000000f0H .data                   DATA
 0003:00000120 00000f38H .bss                    DATA
 0004:00000000 0000314cH .rsrc$01                DATA
 0004:00003150 0091d398H .rsrc$02                DATA

  Address         Publics by Value              Rva+Base     Lib:Object

 0000:00000000       __except_list              00000000     <absolute>
 0000:00000052       ___safe_se_handler_count   00000052     <absolute>
 0000:00009876       __ldused                   00009876     <absolute>
 0000:00009876       __fltused                  00009876     <absolute>
 0000:00000000       ___ImageBase               00400000     <linker-defined>
 0001:00000000       ?GetCardValue@CGameLogic@@QAEEE@Z 00401000 f i CardControl.obj
 0001:00000010       ??1CCardResource@@UAE@XZ   00401010 f   CardControl.obj
 0001:000000b0       ?DestroyHandCard@CCardResource@@QAEXPAVCD3DDevice@@@Z 004010b0 f   CardControl.obj
 0001:000000f0       ?GetCardSize@CCardResource@@QAEXEAAVCSize@@@Z 004010f0 f   CardControl.obj
 0001:00000190       ?GetCardTexture@CCardResource@@QAEXEPAPAVCD3DSprite@@@Z 00401190 f   CardControl.obj
 0001:00000220       ??1CCardControl@@UAE@XZ    00401220 f   CardControl.obj
 0001:00000280       ?SetCardData@CCardControl@@QAE_NE@Z 00401280 f   CardControl.obj
 0001:000002d0       ?SetCardData@CCardControl@@QAE_NQAEE@Z 004012d0 f   CardControl.obj
 0001:00000320       ?SetShootArea@CCardControl@@QAE_NEE@Z 00401320 f   CardControl.obj
 0001:00000380       ?SetSelectIndex@CCardControl@@QAE_NEE@Z 00401380 f   CardControl.obj
 0001:000003a0       ?SetShootCard@CCardControl@@QAE_NQAEE@Z 004013a0 f   CardControl.obj
 0001:00000430       ?SetShootSameCard@CCardControl@@QAE_NE@Z 00401430 f   CardControl.obj
 0001:000004c0       ?SetShootOrderCard@CCardControl@@QAE_NEE@Z 004014c0 f   CardControl.obj
 0001:000006e0       ?ShowOutCard@CCardControl@@QAE_NQAEE@Z 004016e0 f   CardControl.obj
 0001:00000740       ?RemoveShootItem@CCardControl@@QAE_NXZ 00401740 f   CardControl.obj
 0001:00000800       ?MoveCardItem@CCardControl@@QAE_NE@Z 00401800 f   CardControl.obj
 0001:00000930       ?SwitchCardItem@CCardControl@@QAE_NEE@Z 00401930 f   CardControl.obj
 0001:000009d0       ?GetCardFromIndex@CCardControl@@QAEPAUtagCardItem@@E@Z 004019d0 f   CardControl.obj
 0001:000009f0       ?GetCardData@CCardControl@@QAEEQAEE@Z 004019f0 f   CardControl.obj
 0001:00000a30       ?GetShootCard@CCardControl@@QAEEQAEE@Z 00401a30 f   CardControl.obj
 0001:00000a80       ?SetShowCount@CCardControl@@QAEXE@Z 00401a80 f   CardControl.obj
 0001:00000a90       ?SetBackGround@CCardControl@@QAEXE@Z 00401a90 f   CardControl.obj
 0001:00000aa0       ?SetCardDistance@CCardControl@@QAEXHHH@Z 00401aa0 f   CardControl.obj
 0001:00000ac0       ?SetDispatchPos@CCardControl@@QAEXHH@Z 00401ac0 f   CardControl.obj
 0001:00000b20       ?SetBenchmarkPos@CCardControl@@QAEXHHW4enXCollocateMode@@W4enYCollocateMode@@@Z 00401b20 f   CardControl.obj
 0001:00000b40       ?DestroyHandCard@CCardControl@@SAXPAVCD3DDevice@@@Z 00401b40 f   CardControl.obj
 0001:00000b80       ?Setpartition@CCardControl@@QAEXHH@Z 00401b80 f   CardControl.obj
 0001:00000ba0       ??0CSize@@QAE@XZ           00401ba0 f i CardControl.obj
 0001:00000bb0       ?SetSize@CSize@@QAEXHH@Z   00401bb0 f i CardControl.obj
 0001:00000bc0       ??0CPoint@@QAE@XZ          00401bc0 f i CardControl.obj
 0001:00000bd0       ?SetPoint@CPoint@@QAEXHH@Z 00401bd0 f i CardControl.obj
 0001:00000be0       ?AfxGetInstanceHandle@@YGPAUHINSTANCE__@@XZ 00401be0 f i CardControl.obj
 0001:00000bf0       ?SendMessageW@CWnd@@QAEJIIJ@Z 00401bf0 f i CardControl.obj
 0001:00000c10       ??_H@YGXPAXIHP6EPAX0@Z@Z   00401c10 f i CardControl.obj
 0001:00000c40       ??0CCardResource@@QAE@XZ   00401c40 f   CardControl.obj
 0001:00000ce0       ??_ECCardResource@@UAEPAXI@Z 00401ce0 f i CardControl.obj
 0001:00000ce0       ??_GCCardResource@@UAEPAXI@Z 00401ce0 f i CardControl.obj
 0001:00000d00       ?Initialize@CCardResource@@QAEXPAVCD3DDevice@@@Z 00401d00 f   CardControl.obj
 0001:00000e20       ?LoadHandCard@CCardResource@@QAEXPAVCD3DDevice@@@Z 00401e20 f   CardControl.obj
 0001:00000f10       ??0CCardControl@@QAE@XZ    00401f10 f   CardControl.obj
 0001:00000fe0       ??_ECCardControl@@UAEPAXI@Z 00401fe0 f i CardControl.obj
 0001:00000fe0       ??_GCCardControl@@UAEPAXI@Z 00401fe0 f i CardControl.obj
 0001:00001000       ?CartoonMovie@CCardControl@@QAEXXZ 00402000 f   CardControl.obj
 0001:00001060       ?GetControlSize@CCardControl@@QAEXAAVCSize@@@Z 00402060 f   CardControl.obj
 0001:000010f0       ?GetOriginPoint@CCardControl@@QAEXAAVCPoint@@@Z 004020f0 f   CardControl.obj
 0001:000011d0       ?SwitchCardPoint@CCardControl@@QAEEAAVCPoint@@@Z 004021d0 f   CardControl.obj
 0001:000012c0       ?LoadCardResource@CCardControl@@SAXPAVCD3DDevice@@@Z 004022c0 f   CardControl.obj
 0001:000012d0       ?LoadHandCard@CCardControl@@SAXPAVCD3DDevice@@@Z 004022d0 f   CardControl.obj
 0001:000012e0       ?GetCardFromPoint@CCardControl@@QAEPAUtagCardItem@@AAVCPoint@@@Z 004022e0 f   CardControl.obj
 0001:00001310       ?GetCenterPoint@CCardControl@@QAEXAAVCPoint@@@Z 00402310 f   CardControl.obj
 0001:00001360       ?OnEventSetCursor@CCardControl@@QAE_NVCPoint@@@Z 00402360 f   CardControl.obj
 0001:000013a0       ?DrawCardControl@CCardControl@@QAEXPAVCD3DDevice@@@Z 004023a0 f   CardControl.obj
 0001:000016e0       ?GetThisMessageMap@CChatEdit@@KGPBUAFX_MSGMAP@@XZ 004026e0 f   ChatEdit.obj
 0001:000016f0       ?GetMessageMap@CChatEdit@@MBEPBUAFX_MSGMAP@@XZ 004026f0 f   ChatEdit.obj
 0001:00001700       ?SetHideWindow@CChatEdit@@QAEX_N@Z 00402700 f   ChatEdit.obj
 0001:00001730       ?PreSubclassWindow@CChatEdit@@MAEXXZ 00402730 f   ChatEdit.obj
 0001:00001740       ?OnVScroll@CChatEdit@@QAEXIIPAVCScrollBar@@@Z 00402740 f   ChatEdit.obj
 0001:00001770       ?OnEnVscroll@CChatEdit@@IAEXXZ 00402770 f   ChatEdit.obj
 0001:00001780       ??0CRect@@QAE@XZ           00402780 f i ChatEdit.obj
 0001:00001790       ??0CRect@@QAE@HHHH@Z       00402790 f i ChatEdit.obj
 0001:000017b0       ??0CObject@@IAE@XZ         004027b0 f i ChatEdit.obj
 0001:000017c0       ??1CObject@@UAE@XZ         004027c0 f i ChatEdit.obj
 0001:000017d0       ?GetSafeHandle@CGdiObject@@QBEPAXXZ 004027d0 f i ChatEdit.obj
 0001:000017e0       ??0CGdiObject@@QAE@XZ      004027e0 f i ChatEdit.obj
 0001:000017f0       ?Serialize@CObject@@UAEXAAVCArchive@@@Z 004027f0 f i ChatEdit.obj
 0001:00001800       ?AssertValid@CObject@@UBEXXZ 00402800 f i ChatEdit.obj
 0001:00001810       ?Dump@CObject@@UBEXAAVCDumpContext@@@Z 00402810 f i ChatEdit.obj
 0001:00001820       ??1CGdiObject@@UAE@XZ      00402820 f i ChatEdit.obj
 0001:00001830       ??0CFont@@QAE@XZ           00402830 f i ChatEdit.obj
 0001:00001840       ??1CFont@@UAE@XZ           00402840 f i ChatEdit.obj
 0001:00001850       ?CreateFontIndirectW@CFont@@QAEHPBUtagLOGFONTW@@@Z 00402850 f i ChatEdit.obj
 0001:00001870       ?GetLogFont@CFont@@QAEHPAUtagLOGFONTW@@@Z 00402870 f i ChatEdit.obj
 0001:00001890       ?SetFont@CWnd@@QAEXPAVCFont@@H@Z 00402890 f i ChatEdit.obj
 0001:000018d0       ?GetWindowRect@CWnd@@QBEXPAUtagRECT@@@Z 004028d0 f i ChatEdit.obj
 0001:000018f0       ?GetClientRect@CWnd@@QBEXPAUtagRECT@@@Z 004028f0 f i ChatEdit.obj
 0001:00001910       ?Invalidate@CWnd@@QAEXH@Z  00402910 f i ChatEdit.obj
 0001:00001930       ?GetParent@CWnd@@QBEPAV1@XZ 00402930 f i ChatEdit.obj
 0001:00001950       ?OnCreate@CWnd@@IAEHPAUtagCREATESTRUCTW@@@Z 00402950 f i ChatEdit.obj
 0001:00001960       ?OnNcCalcSize@CWnd@@IAEXHPAUtagNCCALCSIZE_PARAMS@@@Z 00402960 f i ChatEdit.obj
 0001:00001970       ?OnChar@CWnd@@IAEXIII@Z    00402970 f i ChatEdit.obj
 0001:00001980       ??0CRichEditCtrl@@QAE@XZ   00402980 f i ChatEdit.obj
 0001:000019a0       ?DoDataExchange@CWnd@@MAEXPAVCDataExchange@@@Z 004029a0 f i ChatEdit.obj
 0001:000019b0       ?BeginModalState@CWnd@@UAEXXZ 004029b0 f i ChatEdit.obj
 0001:000019c0       ?EndModalState@CWnd@@UAEXXZ 004029c0 f i ChatEdit.obj
 0001:000019d0       ??_GCRichEditCtrl@@UAEPAXI@Z 004029d0 f i ChatEdit.obj
 0001:000019d0       ??_ECRichEditCtrl@@UAEPAXI@Z 004029d0 f i ChatEdit.obj
 0001:000019f0       ?SetEventMask@CRichEditCtrl@@QAEKK@Z 004029f0 f i ChatEdit.obj
 0001:00001a10       ??0CChatEdit@@QAE@XZ       00402a10 f   ChatEdit.obj
 0001:00001ab0       ??1CChatEdit@@UAE@XZ       00402ab0 f   ChatEdit.obj
 0001:00001b30       ?Initialization@CChatEdit@@QAEXXZ 00402b30 f   ChatEdit.obj
 0001:00001c60       ?RectifyControl@CChatEdit@@QAEXHH@Z 00402c60 f   ChatEdit.obj
 0001:00001cc0       ?SetTextColor@CChatEdit@@QAEXK@Z 00402cc0 f   ChatEdit.obj
 0001:00001ce0       ?SetTextFont@CChatEdit@@QAEXABUtagLOGFONTW@@@Z 00402ce0 f   ChatEdit.obj
 0001:00001d40       ?GetTextFont@CChatEdit@@QAEHAAUtagLOGFONTW@@@Z 00402d40 f   ChatEdit.obj
 0001:00001d60       ?OnCreate@CChatEdit@@QAEHPAUtagCREATESTRUCTW@@@Z 00402d60 f   ChatEdit.obj
 0001:00001da0       ?OnChar@CChatEdit@@QAEXIII@Z 00402da0 f   ChatEdit.obj
 0001:00001db0       ?OnNcCalcSize@CChatEdit@@QAEXHPAUtagNCCALCSIZE_PARAMS@@@Z 00402db0 f   ChatEdit.obj
 0001:00001dd0       ?DrawScrollBar@CChatEdit@@QAEXXZ 00402dd0 f   ChatEdit.obj
 0001:00001df0       ??_GCGdiObject@@UAEPAXI@Z  00402df0 f i ChatEdit.obj
 0001:00001df0       ??_ECGdiObject@@UAEPAXI@Z  00402df0 f i ChatEdit.obj
 0001:00001e10       ??_GCFont@@UAEPAXI@Z       00402e10 f i ChatEdit.obj
 0001:00001e10       ??_ECFont@@UAEPAXI@Z       00402e10 f i ChatEdit.obj
 0001:00001e30       ??_GCChatEdit@@UAEPAXI@Z   00402e30 f i ChatEdit.obj
 0001:00001e30       ??_ECChatEdit@@UAEPAXI@Z   00402e30 f i ChatEdit.obj
 0001:00001e50       ??0CChatMessage@@QAE@XZ    00402e50 f   ChatMessage.obj
 0001:00001e70       ??1CChatMessage@@UAE@XZ    00402e70 f   ChatMessage.obj
 0001:00001e90       ?InsertUserChat@CChatMessage@@UAE_NPB_W0K@Z 00402e90 f   ChatMessage.obj
 0001:00001f40       ??_GCChatMessage@@UAEPAXI@Z 00402f40 f i ChatMessage.obj
 0001:00001f40       ??_ECChatMessage@@UAEPAXI@Z 00402f40 f i ChatMessage.obj
 0001:00001f60       ??0CGameClientApp@@QAE@XZ  00402f60 f   GameClient.obj
 0001:00001f80       ??1CGameClientApp@@UAE@XZ  00402f80 f   GameClient.obj
 0001:00001f90       ??3CObject@@SGXPAX@Z       00402f90 f i GameClient.obj
 0001:00001fa0       ??2CObject@@SGPAXI@Z       00402fa0 f i GameClient.obj
 0001:00001fb0       ?GetProductVer@@YAEK@Z     00402fb0 f i GameClient.obj
 0001:00001fc0       ?GetMainVer@@YAEK@Z        00402fc0 f i GameClient.obj
 0001:00001fd0       ?GetSubVer@@YAEK@Z         00402fd0 f i GameClient.obj
 0001:00001fe0       ?GetBuildVer@@YAEK@Z       00402fe0 f i GameClient.obj
 0001:00001ff0       ?InterfaceVersionCompare@@YA_NKK@Z 00402ff0 f i GameClient.obj
 0001:00002030       ??_GCGameClientApp@@UAEPAXI@Z 00403030 f i GameClient.obj
 0001:00002030       ??_ECGameClientApp@@UAEPAXI@Z 00403030 f i GameClient.obj
 0001:00002050       ?GetGameFrameWnd@CGameClientApp@@UAEPAVCGameFrameWnd@@XZ 00403050 f   GameClient.obj
 0001:000020b0       ?GetGameFrameEngine@CGameClientApp@@UAEPAVCGameFrameEngine@@K@Z 004030b0 f   GameClient.obj
 0001:00002130       ?IsOutCard@CCardControl@@QAE_NXZ 00403130 f i GameClientEngine.obj
 0001:00002140       ?GetCardCount@CCardControl@@QAEEXZ 00403140 f i GameClientEngine.obj
 0001:00002150       ?SetPositively@CCardControl@@QAEX_N@Z 00403150 f i GameClientEngine.obj
 0001:00002160       ?SetDisplayItem@CCardControl@@QAEX_N@Z 00403160 f i GameClientEngine.obj
 0001:00002170       ?SetUserTrustee@CGameClientView@@QAEXG_N@Z 00403170 f i GameClientEngine.obj
 0001:00002190       ?SetChangeTimePos@CGameClientView@@QAEX_N@Z 00403190 f i GameClientEngine.obj
 0001:000021a0       ?GetThisMessageMap@CGameClientEngine@@KGPBUAFX_MSGMAP@@XZ 004031a0 f   GameClientEngine.obj
 0001:000021b0       ?GetMessageMap@CGameClientEngine@@MBEPBUAFX_MSGMAP@@XZ 004031b0 f   GameClientEngine.obj
 0001:000021c0       ??0CGameClientEngine@@QAE@XZ 004031c0 f   GameClientEngine.obj
 0001:00002320       ??1CGameClientEngine@@UAE@XZ 00403320 f   GameClientEngine.obj
 0001:000023b0       ?OnEventGameClockKill@CGameClientEngine@@UAE_NG@Z 004033b0 f   GameClientEngine.obj
 0001:000023c0       ?OnSubBankerInfo@CGameClientEngine@@IAE_NPAXG@Z 004033c0 f   GameClientEngine.obj
 0001:000024e0       ?VerdictOutCard@CGameClientEngine@@QAE_NXZ 004034e0 f   GameClientEngine.obj
 0001:000025c0       ?PerformAutoStart@CGameClientEngine@@QAE_NXZ 004035c0 f   GameClientEngine.obj
 0001:000026b0       ?UpdateButtonControl@CGameClientEngine@@QAEXXZ 004036b0 f   GameClientEngine.obj
 0001:000026c0       ?OnEventUserStatus@CGameClientEngine@@UAEXPAUIClientUserItem@@_N@Z 004036c0 f   GameClientEngine.obj
 0001:00002720       ?OnMessageCallScore@CGameClientEngine@@IAEJIJ@Z 00403720 f   GameClientEngine.obj
 0001:00002780       ?OnMessageLeftHitCard@CGameClientEngine@@IAEJIJ@Z 00403780 f   GameClientEngine.obj
 0001:000027a0       ?Width@CRect@@QBEHXZ       004037a0 f i GameClientEngine.obj
 0001:000027b0       ?Height@CRect@@QBEHXZ      004037b0 f i GameClientEngine.obj
 0001:000027c0       ?OnMessageSearchCard@CGameClientEngine@@IAEJIJ@Z 004037c0 f   GameClientEngine.obj
 0001:00002c80       ?OnMessageEnableHistory@CGameClientEngine@@IAEJIJ@Z 00403c80 f   GameClientEngine.obj
 0001:00002ca0       ?OnMessageOutCardFinish@CGameClientEngine@@IAEJIJ@Z 00403ca0 f   GameClientEngine.obj
 0001:00002f00       ?OnMessageDispatchFinish@CGameClientEngine@@IAEJIJ@Z 00403f00 f   GameClientEngine.obj
 0001:00003150       ?MoveSoreControl@CGameClientEngine@@QAEXHH@Z 00404150 f   GameClientEngine.obj
 0001:00003160       ??9ATL@@YA_NABV?$CStringT@_WV?$StrTraitMFC_DLL@_WV?$ChTraitsCRT@_W@ATL@@@@@0@PB_W@Z 00404160 f i GameClientEngine.obj
 0001:00003180       ?AfxGetMainWnd@@YGPAVCWnd@@XZ 00404180 f i GameClientEngine.obj
 0001:000031a0       ?PostMessageW@CWnd@@QAEHIIJ@Z 004041a0 f i GameClientEngine.obj
 0001:000031c0       ?SetTimer@CWnd@@QAEIIIP6GXPAUHWND__@@IIK@Z@Z 004041c0 f i GameClientEngine.obj
 0001:000031e0       ?KillTimer@CWnd@@QAEHI@Z   004041e0 f i GameClientEngine.obj
 0001:00003200       ?OnTimer@CWnd@@IAEXI@Z     00404200 f i GameClientEngine.obj
 0001:00003210       ??_GCGameClientEngine@@UAEPAXI@Z 00404210 f i GameClientEngine.obj
 0001:00003210       ??_ECGameClientEngine@@UAEPAXI@Z 00404210 f i GameClientEngine.obj
 0001:00003230       ?OnInitGameEngine@CGameClientEngine@@UAE_NXZ 00404230 f   GameClientEngine.obj
 0001:00003290       ?OnResetGameEngine@CGameClientEngine@@UAE_NXZ 00404290 f   GameClientEngine.obj
 0001:00003370       ?OnEventLookonMode@CGameClientEngine@@UAE_NPAXG@Z 00404370 f   GameClientEngine.obj
 0001:000033f0       ?OnEventSceneMessage@CGameClientEngine@@UAE_NE_NPAXG@Z 004043f0 f   GameClientEngine.obj
 0001:00003f40       ?OnSubGameStart@CGameClientEngine@@IAE_NPAXG@Z 00404f40 f   GameClientEngine.obj
 0001:00004380       ?OnSubCallScore@CGameClientEngine@@IAE_NPAXG@Z 00405380 f   GameClientEngine.obj
 0001:00004700       ?OnSubCheatCard@CGameClientEngine@@IAE_NPAXG@Z 00405700 f   GameClientEngine.obj
 0001:000048c0       ?SwitchToCurrentCard@CGameClientEngine@@QAE_NXZ 004058c0 f   GameClientEngine.obj
 0001:000049d0       ?PlayOutCardSound@CGameClientEngine@@QAEXGQAEE@Z 004059d0 f   GameClientEngine.obj
 0001:00004d90       ?OnTimer@CGameClientEngine@@IAEXI@Z 00405d90 f   GameClientEngine.obj
 0001:000050e0       ?OnMessageStart@CGameClientEngine@@IAEJIJ@Z 004060e0 f   GameClientEngine.obj
 0001:00005210       ?OnMessageOutCard@CGameClientEngine@@IAEJIJ@Z 00406210 f   GameClientEngine.obj
 0001:00005600       ?OnMessagePassCard@CGameClientEngine@@IAEJIJ@Z 00406600 f   GameClientEngine.obj
 0001:00005740       ?OnMessageOutPrompt@CGameClientEngine@@IAEJIJ@Z 00406740 f   GameClientEngine.obj
 0001:000057e0       ?OnMessageSortHandCard@CGameClientEngine@@IAEJIJ@Z 004067e0 f   GameClientEngine.obj
 0001:00005940       ?OnMessageLastTurnCard@CGameClientEngine@@IAEJIJ@Z 00406940 f   GameClientEngine.obj
 0001:00005a60       ?OnMessageTrusteeControl@CGameClientEngine@@IAEJIJ@Z 00406a60 f   GameClientEngine.obj
 0001:00005b70       ?OnMessageReversalFinish@CGameClientEngine@@IAEJIJ@Z 00406b70 f   GameClientEngine.obj
 0001:00005ec0       ?AllowBackGroundSound@CGameClientEngine@@UAE_N_N@Z 00406ec0 f   GameClientEngine.obj
 0001:00005f20       ?PlayAgain@CGameClientEngine@@QAEXXZ 00406f20 f   GameClientEngine.obj
 0001:00005f30       ?ExitGame@CGameClientEngine@@QAEXXZ 00406f30 f   GameClientEngine.obj
 0001:00005f70       ?OnChatMessage@CGameClientEngine@@QAEJIJ@Z 00406f70 f   GameClientEngine.obj
 0001:00006180       ?OnMessageGameSound@CGameClientEngine@@IAEJIJ@Z 00407180 f   GameClientEngine.obj
 0001:000061d0       ?OnMessageGameClose@CGameClientEngine@@IAEJIJ@Z 004071d0 f   GameClientEngine.obj
 0001:00006380       ?OnSubOutCard@CGameClientEngine@@IAE_NPAXG@Z 00407380 f   GameClientEngine.obj
 0001:00006990       ?OnSubPassCard@CGameClientEngine@@IAE_NPAXG@Z 00407990 f   GameClientEngine.obj
 0001:00006cb0       ?OnSubGameConclude@CGameClientEngine@@IAE_NPAXG@Z 00407cb0 f   GameClientEngine.obj
 0001:00007280       ?AutomatismOutCard@CGameClientEngine@@QAE_NXZ 00408280 f   GameClientEngine.obj
 0001:00007350       ?OnEventGameClockInfo@CGameClientEngine@@UAE_NGIG@Z 00408350 f   GameClientEngine.obj
 0001:00007540       ?OnEventGameMessage@CGameClientEngine@@UAE_NGPAXG@Z 00408540 f   GameClientEngine.obj
 0001:00007690       ?GetPositively@CCardControl@@QAE_NXZ 00408690 f i GameClientView.obj
 0001:000076a0       ?SetSmallMode@CCardControl@@QAEX_N@Z 004086a0 f i GameClientView.obj
 0001:000076b0       ?SetDirection@CCardControl@@QAEX_N@Z 004086b0 f i GameClientView.obj
 0001:000076c0       ?SetCardType@CCardControl@@QAEXE@Z 004086c0 f i GameClientView.obj
 0001:000076d0       ?SetDrawOrder@CCardControl@@QAEX_N@Z 004086d0 f i GameClientView.obj
 0001:000076e0       ?GetThisMessageMap@CGameClientView@@KGPBUAFX_MSGMAP@@XZ 004086e0 f   GameClientView.obj
 0001:000076f0       ?GetMessageMap@CGameClientView@@MBEPBUAFX_MSGMAP@@XZ 004086f0 f   GameClientView.obj
 0001:00007700       ?OnLostDevice@CGameClientView@@UAEXPAVCD3DDevice@@HH@Z 00408700 f   GameClientView.obj
 0001:00007710       ?OnResetDevice@CGameClientView@@UAEXPAVCD3DDevice@@HH@Z 00408710 f   GameClientView.obj
 0001:00007730       ??0CRect@@QAE@PBUtagRECT@@@Z 00408730 f i GameClientView.obj
 0001:00007750       ?DrawNumber@CGameClientView@@QAEXPAVCD3DDevice@@PAVCD3DTexture@@PA_W2HHI@Z 00408750 f   GameClientView.obj
 0001:00007870       ?DrawUserTimerEx@CGameClientView@@QAEXPAVCD3DDevice@@HHG@Z 00408870 f   GameClientView.obj
 0001:00007a30       ??BCRect@@QAEPAUtagRECT@@XZ 00408a30 f i GameClientView.obj
 0001:00007a40       ?SetRect@CRect@@QAEXHHHH@Z 00408a40 f i GameClientView.obj
 0001:00007a60       ?OnBnClickedStart@CGameClientView@@QAEXXZ 00408a60 f   GameClientView.obj
 0001:00007a70       ?OnBnClickedOutCard@CGameClientView@@QAEXXZ 00408a70 f   GameClientView.obj
 0001:00007a80       ?OnBnClickedSortCard@CGameClientView@@QAEXXZ 00408a80 f   GameClientView.obj
 0001:00007a90       ?OnBnClickedLastTurn@CGameClientView@@QAEXXZ 00408a90 f   GameClientView.obj
 0001:00007aa0       ?OnBnClickedExpression@CGameClientView@@QAEXXZ 00408aa0 f   GameClientView.obj
 0001:00007ab0       ?OnBnClickedVoice@CGameClientView@@QAEXXZ 00408ab0 f   GameClientView.obj
 0001:00007ac0       ?OnBnClickedTrustee@CGameClientView@@QAEXXZ 00408ac0 f   GameClientView.obj
 0001:00007ad0       ?OnBnClickedCancelTrustee@CGameClientView@@QAEXXZ 00408ad0 f   GameClientView.obj
 0001:00007ae0       ?OnBnClickedPassCard@CGameClientView@@QAEXXZ 00408ae0 f   GameClientView.obj
 0001:00007af0       ?OnBnClickedOutPrompt@CGameClientView@@QAEXXZ 00408af0 f   GameClientView.obj
 0001:00007b00       ?OnBnClickedCallScore1@CGameClientView@@QAEXXZ 00408b00 f   GameClientView.obj
 0001:00007b10       ?OnBnClickedCallScore2@CGameClientView@@QAEXXZ 00408b10 f   GameClientView.obj
 0001:00007b20       ?OnBnClickedCallScore3@CGameClientView@@QAEXXZ 00408b20 f   GameClientView.obj
 0001:00007b30       ?OnBnClickedCallScoreNone@CGameClientView@@QAEXXZ 00408b30 f   GameClientView.obj
 0001:00007b50       ?OnRButtonUp@CGameClientView@@QAEXIVCPoint@@@Z 00408b50 f   GameClientView.obj
 0001:00007b90       ?UserValidCard@CGameClientView@@QAEXGQAEE@Z 00408b90 f   GameClientView.obj
 0001:00007cb0       ?SetTimeScale@CGameClientView@@QAEXG@Z 00408cb0 f   GameClientView.obj
 0001:00007cd0       ?SetScoreControlPos@CGameClientView@@QAEXHH@Z 00408cd0 f   GameClientView.obj
 0001:00007d30       ?AddComma@CGameClientView@@QAE?AV?$CStringT@_WV?$StrTraitMFC_DLL@_WV?$ChTraitsCRT@_W@ATL@@@@@ATL@@_J_N@Z 00408d30 f   GameClientView.obj
 0001:00007e80       ?OnDestroy@CGameClientView@@QAEXXZ 00408e80 f   GameClientView.obj
 0001:00007ea0       ??8ATL@@YA_NABV?$CStringT@_WV?$StrTraitMFC_DLL@_WV?$ChTraitsCRT@_W@ATL@@@@@0@0@Z 00408ea0 f i GameClientView.obj
 0001:00007ec0       ??BCBrush@@QBEPAUHBRUSH__@@XZ 00408ec0 f i GameClientView.obj
 0001:00007ed0       ??0CBrush@@QAE@XZ          00408ed0 f i GameClientView.obj
 0001:00007ee0       ??1CBrush@@UAE@XZ          00408ee0 f i GameClientView.obj
 0001:00007ef0       ?CreateSolidBrush@CBrush@@QAEHK@Z 00408ef0 f i GameClientView.obj
 0001:00007f10       ??BCWnd@@QBEPAUHWND__@@XZ  00408f10 f i GameClientView.obj
 0001:00007f20       ?GetSafeHwnd@CWnd@@QBEPAUHWND__@@XZ 00408f20 f i GameClientView.obj
 0001:00007f30       ?ScreenToClient@CWnd@@QBEXPAUtagPOINT@@@Z 00408f30 f i GameClientView.obj
 0001:00007f50       ?SetCapture@CWnd@@QAEPAV1@XZ 00408f50 f i GameClientView.obj
 0001:00007f70       ?OnSetCursor@CWnd@@IAEHPAV1@II@Z 00408f70 f i GameClientView.obj
 0001:00007f80       ?OnLButtonDblClk@CWnd@@IAEXIVCPoint@@@Z 00408f80 f i GameClientView.obj
 0001:00007f90       ?OnLButtonUp@CWnd@@IAEXIVCPoint@@@Z 00408f90 f i GameClientView.obj
 0001:00007fa0       ?OnMouseMove@CWnd@@IAEXIVCPoint@@@Z 00408fa0 f i GameClientView.obj
 0001:00007fb0       ??0CEdit@@QAE@XZ           00408fb0 f i GameClientView.obj
 0001:00007fd0       ??_ECEdit@@UAEPAXI@Z       00408fd0 f i GameClientView.obj
 0001:00007fd0       ??_GCEdit@@UAEPAXI@Z       00408fd0 f i GameClientView.obj
 0001:00007ff0       ?LimitText@CEdit@@QAEXH@Z  00408ff0 f i GameClientView.obj
 0001:00008010       ?SetLimitText@CEdit@@QAEXI@Z 00409010 f i GameClientView.obj
 0001:00008030       ?SetReadOnly@CRichEditCtrl@@QAEHH@Z 00409030 f i GameClientView.obj
 0001:00008050       ?SetBackgroundColor@CRichEditCtrl@@QAEKHK@Z 00409050 f i GameClientView.obj
 0001:00008070       ?IsForfendGameChat@CServerRule@@SA_NK@Z 00409070 f i GameClientView.obj
 0001:00008080       ?CanGameChat@CUserRight@@SA_NK@Z 00409080 f i GameClientView.obj
 0001:00008090       ??0CGameClientView@@QAE@XZ 00409090 f   GameClientView.obj
 0001:00008770       ??1CGameClientView@@UAE@XZ 00409770 f   GameClientView.obj
 0001:00008c30       ?ResetGameView@CGameClientView@@EAEXXZ 00409c30 f   GameClientView.obj
 0001:00008f60       ?RectifyControl@CGameClientView@@EAEXHH@Z 00409f60 f   GameClientView.obj
 0001:000097a0       ?CartoonMovie@CGameClientView@@MAEXXZ 0040a7a0 f   GameClientView.obj
 0001:00009c70       ?InitGameView@CGameClientView@@MAEXPAVCD3DDevice@@HH@Z 0040ac70 f   GameClientView.obj
 0001:0000a520       ?DrawGameView@CGameClientView@@MAEXPAVCD3DDevice@@HH@Z 0040b520 f   GameClientView.obj
 0001:0000bbd0       ?SetCellScore@CGameClientView@@QAEXJ@Z 0040cbd0 f   GameClientView.obj
 0001:0000bc20       ?SetBombCount@CGameClientView@@QAEXE@Z 0040cc20 f   GameClientView.obj
 0001:0000bc70       ?SetBankerUser@CGameClientView@@QAEXG@Z 0040cc70 f   GameClientView.obj
 0001:0000bcd0       ?SetBankerScore@CGameClientView@@QAEXE@Z 0040ccd0 f   GameClientView.obj
 0001:0000bd20       ?ShowBankerCard@CGameClientView@@QAEXQAE@Z 0040cd20 f   GameClientView.obj
 0001:0000bdd0       ?ShowGameScoreInfo@CGameClientView@@QAEXAAUtagScoreInfo@@_N@Z 0040cdd0 f   GameClientView.obj
 0001:0000bee0       ?DrawNumber@CGameClientView@@QAEXPAVCD3DDevice@@PAVCD3DTexture@@PA_W_JHHI@Z 0040cee0 f   GameClientView.obj
 0001:0000bf70       ?DrawNumber@CGameClientView@@QAEXPAVCD3DDevice@@PAVCD3DTexture@@PA_WV?$CStringT@_WV?$StrTraitMFC_DLL@_WV?$ChTraitsCRT@_W@ATL@@@@@ATL@@HHI@Z 0040cf70 f   GameClientView.obj
 0001:0000c050       ?ShowCartoonPlan@CGameClientView@@QAEX_N@Z 0040d050 f   GameClientView.obj
 0001:0000c170       ?ShowCartoonBomb@CGameClientView@@QAEX_N@Z 0040d170 f   GameClientView.obj
 0001:0000c280       ?ShowCartoonRocket@CGameClientView@@QAEX_N@Z 0040d280 f   GameClientView.obj
 0001:0000c420       ?SetLastTurnState@CGameClientView@@QAEX_N@Z 0040d420 f   GameClientView.obj
 0001:0000c4d0       ?SetWaitCallScore@CGameClientView@@QAEX_N@Z 0040d4d0 f   GameClientView.obj
 0001:0000c580       ?SetUserPassState@CGameClientView@@QAEXG_N@Z 0040d580 f   GameClientView.obj
 0001:0000c660       ?SetUserCountWarn@CGameClientView@@QAEXG_N@Z 0040d660 f   GameClientView.obj
 0001:0000c850       ?SetUserCallScore@CGameClientView@@QAEXGE@Z 0040d850 f   GameClientView.obj
 0001:0000c930       ?SetHistoryScore@CGameClientView@@QAEXGPAUtagHistoryScore@@@Z 0040d930 f   GameClientView.obj
 0001:0000c990       ?StopDispatchCard@CGameClientView@@QAEXXZ 0040d990 f   GameClientView.obj
 0001:0000ca60       ?ShowDispatchCard@CGameClientView@@QAEXQAEG@Z 0040da60 f   GameClientView.obj
 0001:0000cb70       ?OnBnClickedScore@CGameClientView@@QAEXXZ 0040db70 f   GameClientView.obj
 0001:0000cc10       ?OnBnClickedSwitchSence@CGameClientView@@QAEXXZ 0040dc10 f   GameClientView.obj
 0001:0000cc80       ?OnLButtonUp@CGameClientView@@QAEXIVCPoint@@@Z 0040dc80 f   GameClientView.obj
 0001:0000cee0       ?OnMouseMove@CGameClientView@@QAEXIVCPoint@@@Z 0040dee0 f   GameClientView.obj
 0001:0000cfe0       ?OnLButtonDown@CGameClientView@@QAEXIVCPoint@@@Z 0040dfe0 f   GameClientView.obj
 0001:0000d0e0       ?OnLButtonDblClk@CGameClientView@@QAEXIVCPoint@@@Z 0040e0e0 f   GameClientView.obj
 0001:0000d190       ?OnSetCursor@CGameClientView@@QAEHPAVCWnd@@II@Z 0040e190 f   GameClientView.obj
 0001:0000d1f0       ?SetUserAvatar@CGameClientView@@QAEX_N@Z 0040e1f0 f   GameClientView.obj
 0001:0000d2b0       ?OnCtlColor@CGameClientView@@QAEPAUHBRUSH__@@PAVCDC@@PAVCWnd@@I@Z 0040e2b0 f   GameClientView.obj
 0001:0000d330       ?ShowChatMessage@CGameClientView@@QAEXPB_W0@Z 0040e330 f   GameClientView.obj
 0001:0000d4d0       ?ShowCartoonLine@CGameClientView@@QAEX_NE@Z 0040e4d0 f   GameClientView.obj
 0001:0000d690       ?EfficacyUserChat@CGameClientView@@QAE_NPB_WG@Z 0040e690 f   GameClientView.obj
 0001:0000d980       ?OnHideChatMessage@CGameClientView@@QAEXXZ 0040e980 f   GameClientView.obj
 0001:0000da00       ??_GCBrush@@UAEPAXI@Z      0040ea00 f i GameClientView.obj
 0001:0000da00       ??_ECBrush@@UAEPAXI@Z      0040ea00 f i GameClientView.obj
 0001:0000da20       ??_GCGameClientView@@UAEPAXI@Z 0040ea20 f i GameClientView.obj
 0001:0000da20       ??_ECGameClientView@@UAEPAXI@Z 0040ea20 f i GameClientView.obj
 0001:0000da40       ?OnBnClickedEnter@CGameClientView@@QAEXXZ 0040ea40 f   GameClientView.obj
 0001:0000db70       ?OnCommand@CGameClientView@@UAEHIJ@Z 0040eb70 f   GameClientView.obj
 0001:0000dd70       ?PreTranslateMessage@CGameClientView@@UAEHPAUtagMSG@@@Z 0040ed70 f   GameClientView.obj
 0001:0000de20       _IsEqualGUID               0040ee20 f i GameFrameWindow.obj
 0001:0000de40       _==                        0040ee40 f i GameFrameWindow.obj
 0001:0000de60       ?GetThisMessageMap@CGameFrameWindow@@KGPBUAFX_MSGMAP@@XZ 0040ee60 f   GameFrameWindow.obj
 0001:0000de70       ?GetMessageMap@CGameFrameWindow@@MBEPBUAFX_MSGMAP@@XZ 0040ee70 f   GameFrameWindow.obj
 0001:0000de80       ??0IUnknownEx@@QAE@XZ      0040ee80 f i GameFrameWindow.obj
 0001:0000de90       ??1CGameFrameWindow@@UAE@XZ 0040ee90 f   GameFrameWindow.obj
 0001:0000df80       ?Release@CGameFrameWindow@@UAEXXZ 0040ef80 f i GameFrameWindow.obj
 0001:0000df90       ?PreTranslateMessage@CGameFrameWindow@@MAEHPAUtagMSG@@@Z 0040ef90 f   GameFrameWindow.obj
 0001:0000dfa0       ?OnEventUserEnter@CGameFrameWindow@@UAEXPAUIClientUserItem@@_N@Z 0040efa0 f   GameFrameWindow.obj
 0001:0000dfb0       ?OnEventUserLeave@CGameFrameWindow@@UAEXPAUIClientUserItem@@_N@Z 0040efb0 f   GameFrameWindow.obj
 0001:0000dfc0       ?OnEventUserScore@CGameFrameWindow@@UAEXPAUIClientUserItem@@_N@Z 0040efc0 f   GameFrameWindow.obj
 0001:0000dfd0       ?OnEventUserStatus@CGameFrameWindow@@UAEXPAUIClientUserItem@@_N@Z 0040efd0 f   GameFrameWindow.obj
 0001:0000dfe0       ?OnEventCustomFace@CGameFrameWindow@@UAEXPAUIClientUserItem@@_N@Z 0040efe0 f   GameFrameWindow.obj
 0001:0000dff0       ?OnEventUserAttrib@CGameFrameWindow@@UAEXPAUIClientUserItem@@_N@Z 0040eff0 f   GameFrameWindow.obj
 0001:0000e000       ?OnEraseBkgnd@CGameFrameWindow@@IAEHPAVCDC@@@Z 0040f000 f   GameFrameWindow.obj
 0001:0000e010       ?OnSettingChange@CGameFrameWindow@@IAEXIPB_W@Z 0040f010 f   GameFrameWindow.obj
 0001:0000e020       ?ShowGameRule@CGameFrameWindow@@UAE_NXZ 0040f020 f   GameFrameWindow.obj
 0001:0000e030       ?MaxSizeWindow@CGameFrameWindow@@UAE_NXZ 0040f030 f   GameFrameWindow.obj
 0001:0000e040       ?RestoreWindow@CGameFrameWindow@@UAE_NXZ 0040f040 f   GameFrameWindow.obj
 0001:0000e050       ?AllowGameSound@CGameFrameWindow@@UAE_N_N@Z 0040f050 f   GameFrameWindow.obj
 0001:0000e060       ?AllowGameLookon@CGameFrameWindow@@UAE_NK_N@Z 0040f060 f   GameFrameWindow.obj
 0001:0000e070       ?OnGameOptionChange@CGameFrameWindow@@UAE_NXZ 0040f070 f   GameFrameWindow.obj
 0001:0000e080       ?Release@CGameFrameWindow@@W3AEXXZ 0040f080 f i GameFrameWindow.obj
 0001:0000e090       ?AfxSetResourceHandle@@YGXPAUHINSTANCE__@@@Z 0040f090 f i GameFrameWindow.obj
 0001:0000e0a0       ??BCGdiObject@@QBEPAXXZ    0040f0a0 f i GameFrameWindow.obj
 0001:0000e0b0       ?SelectObject@CDC@@QAEPAXPAX@Z 0040f0b0 f i GameFrameWindow.obj
 0001:0000e0d0       ?DrawTextW@CDC@@QAEHABV?$CStringT@_WV?$StrTraitMFC_DLL@_WV?$ChTraitsCRT@_W@ATL@@@@@ATL@@PAUtagRECT@@I@Z 0040f0d0 f i GameFrameWindow.obj
 0001:0000e110       ?IsIconic@CWnd@@QBEHXZ     0040f110 f i GameFrameWindow.obj
 0001:0000e120       ?OnNcHitTest@CWnd@@IAEIVCPoint@@@Z 0040f120 f i GameFrameWindow.obj
 0001:0000e130       ?OnNcPaint@CWnd@@IAEXXZ    0040f130 f i GameFrameWindow.obj
 0001:0000e140       ?OnLButtonDown@CWnd@@IAEXIVCPoint@@@Z 0040f140 f i GameFrameWindow.obj
 0001:0000e150       ??_ECGameFrameWindow@@UAEPAXI@Z 0040f150 f i GameFrameWindow.obj
 0001:0000e150       ??_GCGameFrameWindow@@UAEPAXI@Z 0040f150 f i GameFrameWindow.obj
 0001:0000e170       ??0IGameFrameWnd@@QAE@XZ   0040f170 f i GameFrameWindow.obj
 0001:0000e180       ??0IUserEventSink@@QAE@XZ  0040f180 f i GameFrameWindow.obj
 0001:0000e190       ?QueryInterface@CGameFrameWindow@@UAEPAXABU_GUID@@K@Z 0040f190 f   GameFrameWindow.obj
 0001:0000e250       ?OnCommand@CGameFrameWindow@@MAEHIJ@Z 0040f250 f   GameFrameWindow.obj
 0001:0000e4b0       ?RectifyControl@CGameFrameWindow@@IAEXHH@Z 0040f4b0 f   GameFrameWindow.obj
 0001:0000e640       ?OnSize@CGameFrameWindow@@IAEXIHH@Z 0040f640 f   GameFrameWindow.obj
 0001:0000e670       ?OnCreate@CGameFrameWindow@@IAEHPAUtagCREATESTRUCTW@@@Z 0040f670 f   GameFrameWindow.obj
 0001:0000e990       ?OnLButtonDown@CGameFrameWindow@@IAEXIVCPoint@@@Z 0040f990 f   GameFrameWindow.obj
 0001:0000e9d0       ?OnLButtonDblClk@CGameFrameWindow@@IAEXIVCPoint@@@Z 0040f9d0 f   GameFrameWindow.obj
 0001:0000e9e0       ?OnSetTextMesage@CGameFrameWindow@@IAEJIJ@Z 0040f9e0 f   GameFrameWindow.obj
 0001:0000ea20       ?ReSetDlgSize@CGameFrameWindow@@IAEXHH@Z 0040fa20 f   GameFrameWindow.obj
 0001:0000eab0       ?OnNcHitTest@CGameFrameWindow@@IAEIVCPoint@@@Z 0040fab0 f   GameFrameWindow.obj
 0001:0000eac0       ?OnNcPaint@CGameFrameWindow@@QAEXXZ 0040fac0 f   GameFrameWindow.obj
 0001:0000ead0       ?OnPaint@CGameFrameWindow@@QAEXXZ 0040fad0 f   GameFrameWindow.obj
 0001:0000ece0       ?QueryInterface@CGameFrameWindow@@W3AEPAXABU_GUID@@K@Z 0040fce0 f i GameFrameWindow.obj
 0001:0000ecf0       ??0CGameFrameWindow@@QAE@XZ 0040fcf0 f   GameFrameWindow.obj
 0001:0000eea0       ?GetCardColor@CGameLogic@@QAEEE@Z 0040fea0 f i GameLogic.obj
 0001:0000eeb0       ??0CGameLogic@@QAE@XZ      0040feb0 f   GameLogic.obj
 0001:0000eec0       ??1CGameLogic@@UAE@XZ      0040fec0 f   GameLogic.obj
 0001:0000eed0       ?RandCardList@CGameLogic@@QAEXQAEE@Z 0040fed0 f   GameLogic.obj
 0001:0000ef50       ?RemoveCardList@CGameLogic@@QAE_NQBEEQAEE@Z 0040ff50 f   GameLogic.obj
 0001:0000f040       ?RemoveCard@CGameLogic@@QAE_NQBEEQAEE@Z 00410040 f   GameLogic.obj
 0001:0000f130       ?GetCardLogicValue@CGameLogic@@QAEEE@Z 00410130 f   GameLogic.obj
 0001:0000f160       ?MakeCardData@CGameLogic@@QAEEEE@Z 00410160 f   GameLogic.obj
 0001:0000f180       ?AnalysebCardData@CGameLogic@@QAEXQBEEAAUtagAnalyseResult@@@Z 00410180 f   GameLogic.obj
 0001:0000f260       ?AnalysebDistributing@CGameLogic@@QAEXQBEEAAUtagDistributing@@@Z 00410260 f   GameLogic.obj
 0001:0000f2c0       ??_ECGameLogic@@UAEPAXI@Z  004102c0 f i GameLogic.obj
 0001:0000f2c0       ??_GCGameLogic@@UAEPAXI@Z  004102c0 f i GameLogic.obj
 0001:0000f2e0       ?GetCardType@CGameLogic@@QAEEQBEE@Z 004102e0 f   GameLogic.obj
 0001:0000f620       ?SortCardList@CGameLogic@@QAEXQAEEE@Z 00410620 f   GameLogic.obj
 0001:0000f790       ?SortOutCardList@CGameLogic@@QAEXQAEE@Z 00410790 f   GameLogic.obj
 0001:0000f960       ?CompareCard@CGameLogic@@QAE_NQBE0EE@Z 00410960 f   GameLogic.obj
 0001:0000fae0       ?SearchSameCard@CGameLogic@@QAEEQBEEEEPAUtagSearchCardResult@@@Z 00410ae0 f   GameLogic.obj
 0001:0000fcb0       ?SearchTakeCardType@CGameLogic@@QAEEQBEEEEEPAUtagSearchCardResult@@@Z 00410cb0 f   GameLogic.obj
 0001:0000ff80       ?SearchLineCardType@CGameLogic@@QAEEQBEEEEEPAUtagSearchCardResult@@@Z 00410f80 f   GameLogic.obj
 0001:000103e0       ?SearchThreeTwoLine@CGameLogic@@QAEEQBEEPAUtagSearchCardResult@@@Z 004113e0 f   GameLogic.obj
 0001:00010a80       ?SearchOutCard@CGameLogic@@QAEEQBEE0EPAUtagSearchCardResult@@@Z 00411a80 f   GameLogic.obj
 0001:00011af0       ??0CHistoryCard@@QAE@XZ    00412af0 f   HistoryRecord.obj
 0001:00011b20       ??1CHistoryCard@@UAE@XZ    00412b20 f   HistoryRecord.obj
 0001:00011b30       ?ResetData@CHistoryCard@@QAEXXZ 00412b30 f   HistoryRecord.obj
 0001:00011b60       ?GetCurrentEvent@CHistoryCard@@QAEEG@Z 00412b60 f   HistoryRecord.obj
 0001:00011b80       ?GetHistoryEvent@CHistoryCard@@QAEEG@Z 00412b80 f   HistoryRecord.obj
 0001:00011ba0       ?GetCurrentCard@CHistoryCard@@QAEEGQAEE@Z 00412ba0 f   HistoryRecord.obj
 0001:00011bf0       ?GetHistoryCard@CHistoryCard@@QAEEGQAEE@Z 00412bf0 f   HistoryRecord.obj
 0001:00011c40       ?OnEventUserPass@CHistoryCard@@QAEXG@Z 00412c40 f   HistoryRecord.obj
 0001:00011ca0       ?OnEventUserOutCard@CHistoryCard@@QAEXGQAEE@Z 00412ca0 f   HistoryRecord.obj
 0001:00011d20       ??0CHistoryScore@@QAE@XZ   00412d20 f   HistoryRecord.obj
 0001:00011d40       ??1CHistoryScore@@UAE@XZ   00412d40 f   HistoryRecord.obj
 0001:00011d50       ?ResetData@CHistoryScore@@QAEXXZ 00412d50 f   HistoryRecord.obj
 0001:00011d70       ?GetHistoryScore@CHistoryScore@@QAEPAUtagHistoryScore@@G@Z 00412d70 f   HistoryRecord.obj
 0001:00011d90       ?OnEventUserEnter@CHistoryScore@@QAEXG@Z 00412d90 f   HistoryRecord.obj
 0001:00011dc0       ?OnEventUserLeave@CHistoryScore@@QAEXG@Z 00412dc0 f   HistoryRecord.obj
 0001:00011df0       ?OnEventUserScore@CHistoryScore@@QAEXG_J@Z 00412df0 f   HistoryRecord.obj
 0001:00011e30       ??_ECHistoryCard@@UAEPAXI@Z 00412e30 f i HistoryRecord.obj
 0001:00011e30       ??_GCHistoryCard@@UAEPAXI@Z 00412e30 f i HistoryRecord.obj
 0001:00011e50       ?OnEventSaveData@CHistoryCard@@QAEXG@Z 00412e50 f   HistoryRecord.obj
 0001:00011f00       ??_ECHistoryScore@@UAEPAXI@Z 00412f00 f i HistoryRecord.obj
 0001:00011f00       ??_GCHistoryScore@@UAEPAXI@Z 00412f00 f i HistoryRecord.obj
 0001:00011f20       ??1CScoreControl@@UAE@XZ   00412f20 f   ScoreControl.obj
 0001:00011ff0       ?OnWindowMovie@CScoreControl@@MAEXXZ 00412ff0 f   ScoreControl.obj
 0001:00012000       ?OnWindowDestory@CScoreControl@@MAEXPAVCD3DDevice@@@Z 00413000 f   ScoreControl.obj
 0001:00012070       ?OnEventMouse@CScoreControl@@MAEXIIHH@Z 00413070 f   ScoreControl.obj
 0001:00012080       ?CloseControl@CScoreControl@@QAEXXZ 00413080 f   ScoreControl.obj
 0001:000120b0       ?SetScoreInfo@CScoreControl@@QAEXAAUtagScoreInfo@@@Z 004130b0 f   ScoreControl.obj
 0001:000120d0       ?DrawNumber@CScoreControl@@QAEXPAVCD3DDevice@@PAVCD3DTexture@@PA_W_JHHI@Z 004130d0 f   ScoreControl.obj
 0001:00012270       ??0CScoreControl@@QAE@XZ   00413270 f   ScoreControl.obj
 0001:00012350       ??_ECScoreControl@@UAEPAXI@Z 00413350 f i ScoreControl.obj
 0001:00012350       ??_GCScoreControl@@UAEPAXI@Z 00413350 f i ScoreControl.obj
 0001:00012370       ?OnWindowCreate@CScoreControl@@MAEXPAVCD3DDevice@@@Z 00413370 f   ScoreControl.obj
 0001:000124b0       ?OnEventButton@CScoreControl@@MAEXIIHH@Z 004134b0 f   ScoreControl.obj
 0001:00012510       ?OnEventDrawWindow@CScoreControl@@MAEXPAVCD3DDevice@@HH@Z 00413510 f   ScoreControl.obj
 0001:00012960       ??0CSkinButtonEx@@QAE@XZ   00413960 f   SkinButtonEx.obj
 0001:00012980       ??1CSkinButtonEx@@UAE@XZ   00413980 f   SkinButtonEx.obj
 0001:00012990       ?PreSubclassWindow@CSkinButtonEx@@MAEXXZ 00413990 f   SkinButtonEx.obj
 0001:000129a0       ??0CBitmap@@QAE@XZ         004139a0 f i SkinButtonEx.obj
 0001:000129b0       ??1CBitmap@@UAE@XZ         004139b0 f i SkinButtonEx.obj
 0001:000129c0       ?LoadBitmapW@CBitmap@@QAEHPB_W@Z 004139c0 f i SkinButtonEx.obj
 0001:000129f0       ?GetSafeHdc@CDC@@QBEPAUHDC__@@XZ 004139f0 f i SkinButtonEx.obj
 0001:00012a00       ?CreateCompatibleDC@CDC@@QAEHPAV1@@Z 00413a00 f i SkinButtonEx.obj
 0001:00012a40       ?SelectObject@CDC@@QAEPAVCBitmap@@PAV2@@Z 00413a40 f i SkinButtonEx.obj
 0001:00012a70       ?TransparentBlt@CDC@@QAEHHHHHPAV1@HHHHI@Z 00413a70 f i SkinButtonEx.obj
 0001:00012ac0       ?GetHeight@CImage@ATL@@QBEHXZ 00413ac0 f i SkinButtonEx.obj
 0001:00012ad0       ?GetWidth@CImage@ATL@@QBEHXZ 00413ad0 f i SkinButtonEx.obj
 0001:00012ae0       ?IsNull@CImage@ATL@@QBE_NXZ 00413ae0 f i SkinButtonEx.obj
 0001:00012af0       ??_ECSkinButtonEx@@UAEPAXI@Z 00413af0 f i SkinButtonEx.obj
 0001:00012af0       ??_GCSkinButtonEx@@UAEPAXI@Z 00413af0 f i SkinButtonEx.obj
 0001:00012b10       ?DrawItem@CSkinButtonEx@@MAEXPAUtagDRAWITEMSTRUCT@@@Z 00413b10 f   SkinButtonEx.obj
 0001:00012d00       ??_ECBitmap@@UAEPAXI@Z     00413d00 f i SkinButtonEx.obj
 0001:00012d00       ??_GCBitmap@@UAEPAXI@Z     00413d00 f i SkinButtonEx.obj
 0001:00012d20       ??1CSkinHorizontalScrollbar@@UAE@XZ 00413d20 f   SkinHorizontalScrollbar.obj
 0001:00012d30       ?GetThisMessageMap@CSkinHorizontalScrollbar@@KGPBUAFX_MSGMAP@@XZ 00413d30 f   SkinHorizontalScrollbar.obj
 0001:00012d40       ?GetMessageMap@CSkinHorizontalScrollbar@@MBEPBUAFX_MSGMAP@@XZ 00413d40 f   SkinHorizontalScrollbar.obj
 0001:00012d50       ?PtInRect@CRect@@QBEHUtagPOINT@@@Z 00413d50 f i SkinHorizontalScrollbar.obj
 0001:00012d70       ?LoadBitmapW@CBitmap@@QAEHI@Z 00413d70 f i SkinHorizontalScrollbar.obj
 0001:00012da0       ?CreateCompatibleBitmap@CBitmap@@QAEHPAVCDC@@HH@Z 00413da0 f i SkinHorizontalScrollbar.obj
 0001:00012dd0       ?BitBlt@CDC@@QAEHHHHHPAV1@HHK@Z 00413dd0 f i SkinHorizontalScrollbar.obj
 0001:00012e10       ?StretchBlt@CDC@@QAEHHHHHPAV1@HHHHK@Z 00413e10 f i SkinHorizontalScrollbar.obj
 0001:00012e60       ??0CStatic@@QAE@XZ         00413e60 f i SkinHorizontalScrollbar.obj
 0001:00012e80       ??_GCStatic@@UAEPAXI@Z     00413e80 f i SkinHorizontalScrollbar.obj
 0001:00012e80       ??_ECStatic@@UAEPAXI@Z     00413e80 f i SkinHorizontalScrollbar.obj
 0001:00012ea0       ?Scroll@CListCtrl@@QAEHVCSize@@@Z 00413ea0 f i SkinHorizontalScrollbar.obj
 0001:00012ec0       ??0CMemDC@@QAE@PAVCDC@@ABVCRect@@@Z 00413ec0 f i SkinHorizontalScrollbar.obj
 0001:00012fa0       ?PtVisible@CDC@@UBEHHH@Z   00413fa0 f i SkinHorizontalScrollbar.obj
 0001:00012fc0       ?RectVisible@CDC@@UBEHPBUtagRECT@@@Z 00413fc0 f i SkinHorizontalScrollbar.obj
 0001:00012fe0       ?TextOutW@CDC@@UAEHHHPB_WH@Z 00413fe0 f i SkinHorizontalScrollbar.obj
 0001:00013010       ?ExtTextOutW@CDC@@UAEHHHIPBUtagRECT@@PB_WIPAH@Z 00414010 f i SkinHorizontalScrollbar.obj
 0001:00013040       ?TabbedTextOutW@CDC@@UAE?AVCSize@@HHPB_WHHPAHH@Z 00414040 f i SkinHorizontalScrollbar.obj
 0001:00013090       ?DrawTextW@CDC@@UAEHPB_WHPAUtagRECT@@I@Z 00414090 f i SkinHorizontalScrollbar.obj
 0001:000130c0       ?DrawTextExW@CDC@@UAEHPA_WHPAUtagRECT@@IPAUtagDRAWTEXTPARAMS@@@Z 004140c0 f i SkinHorizontalScrollbar.obj
 0001:000130f0       ?GrayStringW@CDC@@UAEHPAVCBrush@@P6GHPAUHDC__@@JH@ZJHHHHH@Z 004140f0 f i SkinHorizontalScrollbar.obj
 0001:00013130       ?Escape@CDC@@UAEHHHPBDPAX@Z 00414130 f i SkinHorizontalScrollbar.obj
 0001:00013160       ??1CMemDC@@UAE@XZ          00414160 f i SkinHorizontalScrollbar.obj
 0001:00013210       ??_GCMemDC@@UAEPAXI@Z      00414210 f i SkinHorizontalScrollbar.obj
 0001:00013210       ??_ECMemDC@@UAEPAXI@Z      00414210 f i SkinHorizontalScrollbar.obj
 0001:00013230       ??0CSkinHorizontalScrollbar@@QAE@XZ 00414230 f   SkinHorizontalScrollbar.obj
 0001:00013270       ??_ECSkinHorizontalScrollbar@@UAEPAXI@Z 00414270 f i SkinHorizontalScrollbar.obj
 0001:00013270       ??_GCSkinHorizontalScrollbar@@UAEPAXI@Z 00414270 f i SkinHorizontalScrollbar.obj
 0001:00013290       ?GetScrollBarLength@CSkinHorizontalScrollbar@@AAEHXZ 00414290 f   SkinHorizontalScrollbar.obj
 0001:00013300       ?OnLButtonDown@CSkinHorizontalScrollbar@@IAEXIVCPoint@@@Z 00414300 f   SkinHorizontalScrollbar.obj
 0001:00013400       ?Draw@CSkinHorizontalScrollbar@@AAEXXZ 00414400 f   SkinHorizontalScrollbar.obj
 0001:00013660       ?LimitThumbPosition@CSkinHorizontalScrollbar@@AAEXXZ 00414660 f   SkinHorizontalScrollbar.obj
 0001:000136c0       ?OnPaint@CSkinHorizontalScrollbar@@IAEXXZ 004146c0 f   SkinHorizontalScrollbar.obj
 0001:00013730       ?OnMouseMove@CSkinHorizontalScrollbar@@IAEXIVCPoint@@@Z 00414730 f   SkinHorizontalScrollbar.obj
 0001:00013810       ?UpdateThumbPosition@CSkinHorizontalScrollbar@@QAEXXZ 00414810 f   SkinHorizontalScrollbar.obj
 0001:000138a0       ?PageRight@CSkinHorizontalScrollbar@@AAEXXZ 004148a0 f   SkinHorizontalScrollbar.obj
 0001:000138d0       ?PageLeft@CSkinHorizontalScrollbar@@AAEXXZ 004148d0 f   SkinHorizontalScrollbar.obj
 0001:00013900       ?ScrollLeft@CSkinHorizontalScrollbar@@AAEXXZ 00414900 f   SkinHorizontalScrollbar.obj
 0001:00013930       ?ScrollRight@CSkinHorizontalScrollbar@@AAEXXZ 00414930 f   SkinHorizontalScrollbar.obj
 0001:00013960       ?OnLButtonUp@CSkinHorizontalScrollbar@@IAEXIVCPoint@@@Z 00414960 f   SkinHorizontalScrollbar.obj
 0001:00013ac0       ?OnTimer@CSkinHorizontalScrollbar@@IAEXI@Z 00414ac0 f   SkinHorizontalScrollbar.obj
 0001:00013b80       ??1CSkinVerticleScrollbar@@UAE@XZ 00414b80 f   SkinVerticleScrollbar.obj
 0001:00013b90       ?GetThisMessageMap@CSkinVerticleScrollbar@@KGPBUAFX_MSGMAP@@XZ 00414b90 f   SkinVerticleScrollbar.obj
 0001:00013ba0       ?GetMessageMap@CSkinVerticleScrollbar@@MBEPBUAFX_MSGMAP@@XZ 00414ba0 f   SkinVerticleScrollbar.obj
 0001:00013bb0       ?OnTimer@CSkinVerticleScrollbar@@IAEXI@Z 00414bb0 f   SkinVerticleScrollbar.obj
 0001:00013bc0       ?OnEraseBkgnd@CWnd@@IAEHPAVCDC@@@Z 00414bc0 f i SkinVerticleScrollbar.obj
 0001:00013bd0       ?GetLineCount@CEdit@@QBEHXZ 00414bd0 f i SkinVerticleScrollbar.obj
 0001:00013bf0       ?LineScroll@CEdit@@QAEXHH@Z 00414bf0 f i SkinVerticleScrollbar.obj
 0001:00013c10       ?GetFirstVisibleLine@CEdit@@QBEHXZ 00414c10 f i SkinVerticleScrollbar.obj
 0001:00013c30       ??0CSkinVerticleScrollbar@@QAE@XZ 00414c30 f   SkinVerticleScrollbar.obj
 0001:00013c70       ??_ECSkinVerticleScrollbar@@UAEPAXI@Z 00414c70 f i SkinVerticleScrollbar.obj
 0001:00013c70       ??_GCSkinVerticleScrollbar@@UAEPAXI@Z 00414c70 f i SkinVerticleScrollbar.obj
 0001:00013c90       ?OnEraseBkgnd@CSkinVerticleScrollbar@@IAEHPAVCDC@@@Z 00414c90 f   SkinVerticleScrollbar.obj
 0001:00013ca0       ?OnLButtonDown@CSkinVerticleScrollbar@@IAEXIVCPoint@@@Z 00414ca0 f   SkinVerticleScrollbar.obj
 0001:00013d70       ?GetScrollBarLength@CSkinVerticleScrollbar@@AAEHXZ 00414d70 f   SkinVerticleScrollbar.obj
 0001:00013d90       ?Draw@CSkinVerticleScrollbar@@AAEXXZ 00414d90 f   SkinVerticleScrollbar.obj
 0001:00014000       ?LimitThumbPosition@CSkinVerticleScrollbar@@AAEXXZ 00415000 f   SkinVerticleScrollbar.obj
 0001:00014070       ?OnMouseMove@CSkinVerticleScrollbar@@IAEXIVCPoint@@@Z 00415070 f   SkinVerticleScrollbar.obj
 0001:00014160       ?OnPaint@CSkinVerticleScrollbar@@IAEXXZ 00415160 f   SkinVerticleScrollbar.obj
 0001:000141d0       ?UpdateThumbPosition@CSkinVerticleScrollbar@@QAEXXZ 004151d0 f   SkinVerticleScrollbar.obj
 0001:00014280       ?PageDown@CSkinVerticleScrollbar@@QAEXXZ 00415280 f   SkinVerticleScrollbar.obj
 0001:000142c0       ?PageUp@CSkinVerticleScrollbar@@QAEXXZ 004152c0 f   SkinVerticleScrollbar.obj
 0001:00014300       ?ScrollUp@CSkinVerticleScrollbar@@AAEXXZ 00415300 f   SkinVerticleScrollbar.obj
 0001:00014340       ?ScrollDown@CSkinVerticleScrollbar@@AAEXXZ 00415340 f   SkinVerticleScrollbar.obj
 0001:00014380       ?OnLButtonUp@CSkinVerticleScrollbar@@IAEXIVCPoint@@@Z 00415380 f   SkinVerticleScrollbar.obj
 0001:00014490       ?InterlockedExchangePointer@@YGPAXPAPAXPAX@Z 00415490 f i Stdafx.obj
 0001:000144a0       ?_AtlGetThreadACPFake@ATL@@YGIXZ 004154a0 f i Stdafx.obj
 0001:00014520       ?_AtlGetThreadACPReal@ATL@@YGIXZ 00415520 f i Stdafx.obj
 0001:00014530       ?_AtlGetThreadACPThunk@ATL@@YGIXZ 00415530 f i Stdafx.obj
 0001:000145a0       ?_AtlRaiseException@ATL@@YAXKK@Z 004155a0 f i Stdafx.obj
 0001:000145c0       ??0CComCriticalSection@ATL@@QAE@XZ 004155c0 f i Stdafx.obj
 0001:000145e0       ?Init@CComCriticalSection@ATL@@QAEJXZ 004155e0 f i Stdafx.obj
 0001:00014660       ?Term@CComCriticalSection@ATL@@QAEJXZ 00415660 f i Stdafx.obj
 0001:00014670       ?GetModuleInstance@CAtlBaseModule@ATL@@QAEPAUHINSTANCE__@@XZ 00415670 f i Stdafx.obj
 0001:00014680       ?AtlWinModuleInit@ATL@@YGJPAU_ATL_WIN_MODULE70@1@@Z 00415680 f i Stdafx.obj
 0001:000146b0       ??0?$CSimpleArray@GV?$CSimpleArrayEqualHelper@G@ATL@@@ATL@@QAE@XZ 004156b0 f i Stdafx.obj
 0001:000146c0       ?GetSize@?$CSimpleArray@GV?$CSimpleArrayEqualHelper@G@ATL@@@ATL@@QBEHXZ 004156c0 f i Stdafx.obj
 0001:000146d0       ?RemoveAll@?$CSimpleArray@GV?$CSimpleArrayEqualHelper@G@ATL@@@ATL@@QAEXXZ 004156d0 f i Stdafx.obj
 0001:00014700       ??A?$CSimpleArray@GV?$CSimpleArrayEqualHelper@G@ATL@@@ATL@@QAEAAGH@Z 00415700 f i Stdafx.obj
 0001:00014730       ??Bsentry@?$basic_istream@DU?$char_traits@D@std@@@std@@QBE_NXZ 00415730 f i Stdafx.obj
 0001:00014740       ??1_Sentry_base@?$basic_istream@DU?$char_traits@D@std@@@std@@QAE@XZ 00415740 f i Stdafx.obj
 0001:00014770       ??Bsentry@?$basic_istream@_WU?$char_traits@_W@std@@@std@@QBE_NXZ 00415770 f i Stdafx.obj
 0001:00014780       ??1_Sentry_base@?$basic_istream@_WU?$char_traits@_W@std@@@std@@QAE@XZ 00415780 f i Stdafx.obj
 0001:000147b0       ??0_Sentry_base@?$basic_istream@DU?$char_traits@D@std@@@std@@QAE@AAV12@@Z 004157b0 f i Stdafx.obj
 0001:000147f0       ??0_Sentry_base@?$basic_istream@_WU?$char_traits@_W@std@@@std@@QAE@AAV12@@Z 004157f0 f i Stdafx.obj
 0001:00014830       ??Bsentry@?$basic_ostream@DU?$char_traits@D@std@@@std@@QBE_NXZ 00415830 f i Stdafx.obj
 0001:00014840       ??Bsentry@?$basic_ostream@_WU?$char_traits@_W@std@@@std@@QBE_NXZ 00415840 f i Stdafx.obj
 0001:00014850       ??0_Sentry_base@?$basic_ostream@DU?$char_traits@D@std@@@std@@QAE@AAV12@@Z 00415850 f i Stdafx.obj
 0001:00014890       ??1_Sentry_base@?$basic_ostream@DU?$char_traits@D@std@@@std@@QAE@XZ 00415890 f i Stdafx.obj
 0001:000148c0       ??0_Sentry_base@?$basic_ostream@_WU?$char_traits@_W@std@@@std@@QAE@AAV12@@Z 004158c0 f i Stdafx.obj
 0001:00014900       ??1_Sentry_base@?$basic_ostream@_WU?$char_traits@_W@std@@@std@@QAE@XZ 00415900 f i Stdafx.obj
 0001:00014930       ??$use_facet@V?$ctype@D@std@@@std@@YAABV?$ctype@D@0@ABVlocale@0@@Z 00415930 f i Stdafx.obj
 0001:00014a00       ??$use_facet@V?$ctype@_W@std@@@std@@YAABV?$ctype@_W@0@ABVlocale@0@@Z 00415a00 f i Stdafx.obj
 0001:00014ad0       ??$?HDU?$char_traits@D@std@@V?$allocator@D@1@@std@@YA?AV?$basic_string@DU?$char_traits@D@std@@V?$allocator@D@2@@0@ABV10@0@Z 00415ad0 f i Stdafx.obj
 0001:00014b50       ??$?HDU?$char_traits@D@std@@V?$allocator@D@1@@std@@YA?AV?$basic_string@DU?$char_traits@D@std@@V?$allocator@D@2@@0@PBDABV10@@Z 00415b50 f i Stdafx.obj
 0001:00014bd0       ??$?HDU?$char_traits@D@std@@V?$allocator@D@1@@std@@YA?AV?$basic_string@DU?$char_traits@D@std@@V?$allocator@D@2@@0@DABV10@@Z 00415bd0 f i Stdafx.obj
 0001:00014c50       ??$?HDU?$char_traits@D@std@@V?$allocator@D@1@@std@@YA?AV?$basic_string@DU?$char_traits@D@std@@V?$allocator@D@2@@0@ABV10@PBD@Z 00415c50 f i Stdafx.obj
 0001:00014cd0       ??$?HDU?$char_traits@D@std@@V?$allocator@D@1@@std@@YA?AV?$basic_string@DU?$char_traits@D@std@@V?$allocator@D@2@@0@ABV10@D@Z 00415cd0 f i Stdafx.obj
 0001:00014d50       ??$?H_WU?$char_traits@_W@std@@V?$allocator@_W@1@@std@@YA?AV?$basic_string@_WU?$char_traits@_W@std@@V?$allocator@_W@2@@0@ABV10@0@Z 00415d50 f i Stdafx.obj
 0001:00014dd0       ??$?H_WU?$char_traits@_W@std@@V?$allocator@_W@1@@std@@YA?AV?$basic_string@_WU?$char_traits@_W@std@@V?$allocator@_W@2@@0@PB_WABV10@@Z 00415dd0 f i Stdafx.obj
 0001:00014e50       ??$?H_WU?$char_traits@_W@std@@V?$allocator@_W@1@@std@@YA?AV?$basic_string@_WU?$char_traits@_W@std@@V?$allocator@_W@2@@0@_WABV10@@Z 00415e50 f i Stdafx.obj
 0001:00014ed0       ??$?H_WU?$char_traits@_W@std@@V?$allocator@_W@1@@std@@YA?AV?$basic_string@_WU?$char_traits@_W@std@@V?$allocator@_W@2@@0@ABV10@PB_W@Z 00415ed0 f i Stdafx.obj
 0001:00014f50       ??$?H_WU?$char_traits@_W@std@@V?$allocator@_W@1@@std@@YA?AV?$basic_string@_WU?$char_traits@_W@std@@V?$allocator@_W@2@@0@ABV10@_W@Z 00415f50 f i Stdafx.obj
 0001:00014fd0       ?AtlWinModuleTerm@ATL@@YGJPAU_ATL_WIN_MODULE70@1@PAUHINSTANCE__@@@Z 00415fd0 f i Stdafx.obj
 0001:00015070       ??1sentry@?$basic_istream@DU?$char_traits@D@std@@@std@@QAE@XZ 00416070 f i Stdafx.obj
 0001:000150a0       ??1sentry@?$basic_istream@_WU?$char_traits@_W@std@@@std@@QAE@XZ 004160a0 f i Stdafx.obj
 0001:000150d0       ??1?$CSimpleArray@GV?$CSimpleArrayEqualHelper@G@ATL@@@ATL@@QAE@XZ 004160d0 f i Stdafx.obj
 0001:00015100       ??0sentry@?$basic_istream@DU?$char_traits@D@std@@@std@@QAE@AAV12@_N@Z 00416100 f i Stdafx.obj
 0001:00015180       ??0sentry@?$basic_istream@_WU?$char_traits@_W@std@@@std@@QAE@AAV12@_N@Z 00416180 f i Stdafx.obj
 0001:00015200       ??0sentry@?$basic_ostream@DU?$char_traits@D@std@@@std@@QAE@AAV12@@Z 00416200 f i Stdafx.obj
 0001:000152b0       ??1sentry@?$basic_ostream@DU?$char_traits@D@std@@@std@@QAE@XZ 004162b0 f i Stdafx.obj
 0001:00015330       ??0sentry@?$basic_ostream@_WU?$char_traits@_W@std@@@std@@QAE@AAV12@@Z 00416330 f i Stdafx.obj
 0001:000153e0       ??1sentry@?$basic_ostream@_WU?$char_traits@_W@std@@@std@@QAE@XZ 004163e0 f i Stdafx.obj
 0001:00015460       ??$?5DU?$char_traits@D@std@@V?$allocator@D@1@@std@@YAAAV?$basic_istream@DU?$char_traits@D@std@@@0@AAV10@AAV?$basic_string@DU?$char_traits@D@std@@V?$allocator@D@2@@0@@Z 00416460 f i Stdafx.obj
 0001:00015660       ??$getline@DU?$char_traits@D@std@@V?$allocator@D@2@@std@@YAAAV?$basic_istream@DU?$char_traits@D@std@@@0@AAV10@AAV?$basic_string@DU?$char_traits@D@std@@V?$allocator@D@2@@0@D@Z 00416660 f i Stdafx.obj
 0001:00015820       ??$?6DU?$char_traits@D@std@@V?$allocator@D@1@@std@@YAAAV?$basic_ostream@DU?$char_traits@D@std@@@0@AAV10@ABV?$basic_string@DU?$char_traits@D@std@@V?$allocator@D@2@@0@@Z 00416820 f i Stdafx.obj
 0001:00015a60       ??$?5_WU?$char_traits@_W@std@@V?$allocator@_W@1@@std@@YAAAV?$basic_istream@_WU?$char_traits@_W@std@@@0@AAV10@AAV?$basic_string@_WU?$char_traits@_W@std@@V?$allocator@_W@2@@0@@Z 00416a60 f i Stdafx.obj
 0001:00015c60       ??$getline@_WU?$char_traits@_W@std@@V?$allocator@_W@2@@std@@YAAAV?$basic_istream@_WU?$char_traits@_W@std@@@0@AAV10@AAV?$basic_string@_WU?$char_traits@_W@std@@V?$allocator@_W@2@@0@_W@Z 00416c60 f i Stdafx.obj
 0001:00015e20       ??$?6_WU?$char_traits@_W@std@@V?$allocator@_W@1@@std@@YAAAV?$basic_ostream@_WU?$char_traits@_W@std@@@0@AAV10@ABV?$basic_string@_WU?$char_traits@_W@std@@V?$allocator@_W@2@@0@@Z 00416e20 f i Stdafx.obj
 0001:00016060       ?Term@CAtlWinModule@ATL@@QAEXXZ 00417060 f i Stdafx.obj
 0001:00016070       ??0_ATL_WIN_MODULE70@ATL@@QAE@XZ 00417070 f i Stdafx.obj
 0001:000160a0       ??1_ATL_WIN_MODULE70@ATL@@QAE@XZ 004170a0 f i Stdafx.obj
 0001:000160d0       ??$getline@DU?$char_traits@D@std@@V?$allocator@D@2@@std@@YAAAV?$basic_istream@DU?$char_traits@D@std@@@0@AAV10@AAV?$basic_string@DU?$char_traits@D@std@@V?$allocator@D@2@@0@@Z 004170d0 f i Stdafx.obj
 0001:00016100       ??$getline@_WU?$char_traits@_W@std@@V?$allocator@_W@2@@std@@YAAAV?$basic_istream@_WU?$char_traits@_W@std@@@0@AAV10@AAV?$basic_string@_WU?$char_traits@_W@std@@V?$allocator@_W@2@@0@@Z 00417100 f i Stdafx.obj
 0001:00016130       ??0CAtlWinModule@ATL@@QAE@XZ 00417130 f i Stdafx.obj
 0001:00016180       ??1CAtlWinModule@ATL@@QAE@XZ 00417180 f i Stdafx.obj
 0001:000161b0       ??1CStringMessage@@QAE@XZ  004171b0 f   StringMessage.obj
 0001:000161c0       ??_GCStringMessage@@QAEPAXI@Z 004171c0 f i StringMessage.obj
 0001:000161e0       ?InsertCustomString@CStringMessage@@UAE_NPB_WKK@Z 004171e0 f   StringMessage.obj
 0001:000161f0       ?InsertExpression@CStringMessage@@UAE_NPB_W0@Z 004171f0 f   StringMessage.obj
 0001:00016200       ?InsertExpression@CStringMessage@@UAE_NPB_W0_N@Z 00417200 f   StringMessage.obj
 0001:00016210       ?InsertExpression@CStringMessage@@UAE_NPB_W00@Z 00417210 f   StringMessage.obj
 0001:00016220       ?SendMessageToEngine@CStringMessage@@AAEXV?$CStringT@_WV?$StrTraitMFC_DLL@_WV?$ChTraitsCRT@_W@ATL@@@@@ATL@@H@Z 00417220 f   StringMessage.obj
 0001:00016290       ??0IStringMessage@@QAE@XZ  00417290 f i StringMessage.obj
 0001:000162a0       ?Release@CStringMessage@@UAEXXZ 004172a0 f   StringMessage.obj
 0001:000162c0       ?QueryInterface@CStringMessage@@UAEPAXABU_GUID@@K@Z 004172c0 f   StringMessage.obj
 0001:00016340       ?InsertUserEnter@CStringMessage@@UAE_NPB_W@Z 00417340 f   StringMessage.obj
 0001:000163d0       ?InsertUserLeave@CStringMessage@@UAE_NPB_W@Z 004173d0 f   StringMessage.obj
 0001:00016460       ?InsertUserOffLine@CStringMessage@@UAE_NPB_W@Z 00417460 f   StringMessage.obj
 0001:000164f0       ?InsertNormalString@CStringMessage@@UAE_NPB_W@Z 004174f0 f   StringMessage.obj
 0001:00016570       ?InsertSystemString@CStringMessage@@UAE_NPB_W@Z 00417570 f   StringMessage.obj
 0001:000165f0       ?InsertPromptString@CStringMessage@@UAE_NPB_W@Z 004175f0 f   StringMessage.obj
 0001:00016670       ?InsertAfficheString@CStringMessage@@UAE_NPB_W@Z 00417670 f   StringMessage.obj
 0001:000166f0       ?InsertCustomString@CStringMessage@@UAE_NPB_WK@Z 004176f0 f   StringMessage.obj
 0001:00016770       ?InsertUserChat@CStringMessage@@UAE_NPB_W0K@Z 00417770 f   StringMessage.obj
 0001:00016800       ?InsertUserChat@CStringMessage@@UAE_NPB_W00K@Z 00417800 f   StringMessage.obj
 0001:00016880       ?InsertWhisperChat@CStringMessage@@UAE_NPB_W0K_N@Z 00417880 f   StringMessage.obj
 0001:00016900       ?InsertUserTrumpet@CStringMessage@@UAE_NPB_W0K@Z 00417900 f   StringMessage.obj
 0001:00016980       ?InsertUserTyphon@CStringMessage@@UAE_NPB_W0K@Z 00417980 f   StringMessage.obj
 0001:00016a00       ??0CStringMessage@@QAE@XZ  00417a00 f   StringMessage.obj
 0001:00016a0a       ?AfxGetModuleState@@YGPAVAFX_MODULE_STATE@@XZ 00417a0a f   mfc71u:MFC71U.DLL
 0001:00016a10       ??3@YAXPAX@Z               00417a10 f   mfc71u:MFC71U.DLL
 0001:00016a16       ?GetThisMessageMap@CWnd@@KGPBUAFX_MSGMAP@@XZ 00417a16 f   mfc71u:MFC71U.DLL
 0001:00016a1c       ?ShowWindow@CWnd@@QAEHH@Z  00417a1c f   mfc71u:MFC71U.DLL
 0001:00016a22       ?PreSubclassWindow@CWnd@@UAEXXZ 00417a22 f   mfc71u:MFC71U.DLL
 0001:00016a28       ?OnVScroll@CWnd@@IAEXIIPAVCScrollBar@@@Z 00417a28 f   mfc71u:MFC71U.DLL
 0001:00016a2e       ?GetRuntimeClass@CGdiObject@@UBEPAUCRuntimeClass@@XZ 00417a2e f   mfc71u:MFC71U.DLL
 0001:00016a34       ?DeleteObject@CGdiObject@@QAEHXZ 00417a34 f   mfc71u:MFC71U.DLL
 0001:00016a3a       ?GetRuntimeClass@CFont@@UBEPAUCRuntimeClass@@XZ 00417a3a f   mfc71u:MFC71U.DLL
 0001:00016a40       ?Attach@CGdiObject@@QAEHPAX@Z 00417a40 f   mfc71u:MFC71U.DLL
 0001:00016a46       ?FromHandle@CWnd@@SGPAV1@PAUHWND__@@@Z 00417a46 f   mfc71u:MFC71U.DLL
 0001:00016a4c       ?Default@CWnd@@IAEJXZ      00417a4c f   mfc71u:MFC71U.DLL
 0001:00016a52       ?CreateEx@CRichEditCtrl@@UAEHKKABUtagRECT@@PAVCWnd@@I@Z 00417a52 f   mfc71u:MFC71U.DLL
 0001:00016a58       ?Create@CRichEditCtrl@@UAEHKABUtagRECT@@PAVCWnd@@I@Z 00417a58 f   mfc71u:MFC71U.DLL
 0001:00016a5e       ?SetOccDialogInfo@CWnd@@MAEHPAU_AFX_OCC_DIALOG_INFO@@@Z 00417a5e f   mfc71u:MFC71U.DLL
 0001:00016a64       ?CreateControlSite@CWnd@@MAEHPAVCOleControlContainer@@PAPAVCOleControlSite@@IABU_GUID@@@Z 00417a64 f   mfc71u:MFC71U.DLL
 0001:00016a6a       ?CreateControlContainer@CWnd@@MAEHPAPAVCOleControlContainer@@@Z 00417a6a f   mfc71u:MFC71U.DLL
 0001:00016a70       ?IsFrameWnd@CWnd@@UBEHXZ   00417a70 f   mfc71u:MFC71U.DLL
 0001:00016a76       ?CheckAutoCenter@CWnd@@UAEHXZ 00417a76 f   mfc71u:MFC71U.DLL
 0001:00016a7c       ?OnChildNotify@CWnd@@MAEHIIJPAJ@Z 00417a7c f   mfc71u:MFC71U.DLL
 0001:00016a82       ?PostNcDestroy@CWnd@@MAEXXZ 00417a82 f   mfc71u:MFC71U.DLL
 0001:00016a88       ?DefWindowProcW@CWnd@@MAEJIIJ@Z 00417a88 f   mfc71u:MFC71U.DLL
 0001:00016a8e       ?OnWndMsg@CWnd@@MAEHIIJPAJ@Z 00417a8e f   mfc71u:MFC71U.DLL
 0001:00016a94       ?WindowProc@CWnd@@MAEJIIJ@Z 00417a94 f   mfc71u:MFC71U.DLL
 0001:00016a9a       ?OnAmbientProperty@CWnd@@UAEHPAVCOleControlSite@@JPAUtagVARIANT@@@Z 00417a9a f   mfc71u:MFC71U.DLL
 0001:00016aa0       ?PreTranslateMessage@CWnd@@UAEHPAUtagMSG@@@Z 00417aa0 f   mfc71u:MFC71U.DLL
 0001:00016aa6       ?GetSuperWndProcAddr@CWnd@@MAEPAP6GJPAUHWND__@@IIJ@ZXZ 00417aa6 f   mfc71u:MFC71U.DLL
 0001:00016aac       ?OnNotify@CWnd@@MAEHIJPAJ@Z 00417aac f   mfc71u:MFC71U.DLL
 0001:00016ab2       ?OnCommand@CWnd@@MAEHIJ@Z  00417ab2 f   mfc71u:MFC71U.DLL
 0001:00016ab8       ?CreateAccessibleProxy@CWnd@@UAEJIJPAJ@Z 00417ab8 f   mfc71u:MFC71U.DLL
 0001:00016abe       ?SetProxy@CWnd@@UAEJPAUIAccessibleProxy@@@Z 00417abe f   mfc71u:MFC71U.DLL
 0001:00016ac4       ?put_accValue@CWnd@@UAEJUtagVARIANT@@PA_W@Z 00417ac4 f   mfc71u:MFC71U.DLL
 0001:00016aca       ?put_accName@CWnd@@UAEJUtagVARIANT@@PA_W@Z 00417aca f   mfc71u:MFC71U.DLL
 0001:00016ad0       ?accDoDefaultAction@CWnd@@UAEJUtagVARIANT@@@Z 00417ad0 f   mfc71u:MFC71U.DLL
 0001:00016ad6       ?accHitTest@CWnd@@UAEJJJPAUtagVARIANT@@@Z 00417ad6 f   mfc71u:MFC71U.DLL
 0001:00016adc       ?accNavigate@CWnd@@UAEJJUtagVARIANT@@PAU2@@Z 00417adc f   mfc71u:MFC71U.DLL
 0001:00016ae2       ?accLocation@CWnd@@UAEJPAJ000UtagVARIANT@@@Z 00417ae2 f   mfc71u:MFC71U.DLL
 0001:00016ae8       ?accSelect@CWnd@@UAEJJUtagVARIANT@@@Z 00417ae8 f   mfc71u:MFC71U.DLL
 0001:00016aee       ?get_accDefaultAction@CWnd@@UAEJUtagVARIANT@@PAPA_W@Z 00417aee f   mfc71u:MFC71U.DLL
 0001:00016af4       ?get_accSelection@CWnd@@UAEJPAUtagVARIANT@@@Z 00417af4 f   mfc71u:MFC71U.DLL
 0001:00016afa       ?get_accFocus@CWnd@@UAEJPAUtagVARIANT@@@Z 00417afa f   mfc71u:MFC71U.DLL
 0001:00016b00       ?get_accKeyboardShortcut@CWnd@@UAEJUtagVARIANT@@PAPA_W@Z 00417b00 f   mfc71u:MFC71U.DLL
 0001:00016b06       ?get_accHelpTopic@CWnd@@UAEJPAPA_WUtagVARIANT@@PAJ@Z 00417b06 f   mfc71u:MFC71U.DLL
 0001:00016b0c       ?get_accHelp@CWnd@@UAEJUtagVARIANT@@PAPA_W@Z 00417b0c f   mfc71u:MFC71U.DLL
 0001:00016b12       ?get_accState@CWnd@@UAEJUtagVARIANT@@PAU2@@Z 00417b12 f   mfc71u:MFC71U.DLL
 0001:00016b18       ?get_accRole@CWnd@@UAEJUtagVARIANT@@PAU2@@Z 00417b18 f   mfc71u:MFC71U.DLL
 0001:00016b1e       ?get_accDescription@CWnd@@UAEJUtagVARIANT@@PAPA_W@Z 00417b1e f   mfc71u:MFC71U.DLL
 0001:00016b24       ?get_accValue@CWnd@@UAEJUtagVARIANT@@PAPA_W@Z 00417b24 f   mfc71u:MFC71U.DLL
 0001:00016b2a       ?get_accName@CWnd@@UAEJUtagVARIANT@@PAPA_W@Z 00417b2a f   mfc71u:MFC71U.DLL
 0001:00016b30       ?get_accChild@CWnd@@UAEJUtagVARIANT@@PAPAUIDispatch@@@Z 00417b30 f   mfc71u:MFC71U.DLL
 0001:00016b36       ?get_accChildCount@CWnd@@UAEJPAJ@Z 00417b36 f   mfc71u:MFC71U.DLL
 0001:00016b3c       ?get_accParent@CWnd@@UAEJPAPAUIDispatch@@@Z 00417b3c f   mfc71u:MFC71U.DLL
 0001:00016b42       ?EnsureStdObj@CWnd@@UAEJXZ 00417b42 f   mfc71u:MFC71U.DLL
 0001:00016b48       ?EndModalLoop@CWnd@@UAEXH@Z 00417b48 f   mfc71u:MFC71U.DLL
 0001:00016b4e       ?ContinueModal@CWnd@@UAEHXZ 00417b4e f   mfc71u:MFC71U.DLL
 0001:00016b54       ?WinHelpInternal@CWnd@@UAEXKI@Z 00417b54 f   mfc71u:MFC71U.DLL
 0001:00016b5a       ?HtmlHelpW@CWnd@@UAEXKI@Z  00417b5a f   mfc71u:MFC71U.DLL
 0001:00016b60       ?WinHelpW@CWnd@@UAEXKI@Z   00417b60 f   mfc71u:MFC71U.DLL
 0001:00016b66       ?GetScrollBarCtrl@CWnd@@UBEPAVCScrollBar@@H@Z 00417b66 f   mfc71u:MFC71U.DLL
 0001:00016b6c       ?OnToolHitTest@CWnd@@UBEHVCPoint@@PAUtagTOOLINFOW@@@Z 00417b6c f   mfc71u:MFC71U.DLL
 0001:00016b72       ?CalcWindowRect@CWnd@@UAEXPAUtagRECT@@I@Z 00417b72 f   mfc71u:MFC71U.DLL
 0001:00016b78       ?PreCreateWindow@CWnd@@UAEHAAUtagCREATESTRUCTW@@@Z 00417b78 f   mfc71u:MFC71U.DLL
 0001:00016b7e       ?DestroyWindow@CWnd@@UAEHXZ 00417b7e f   mfc71u:MFC71U.DLL
 0001:00016b84       ?CreateEx@CWnd@@UAEHKPB_W0KHHHHPAUHWND__@@PAUHMENU__@@PAX@Z 00417b84 f   mfc71u:MFC71U.DLL
 0001:00016b8a       ?CreateEx@CWnd@@UAEHKPB_W0KABUtagRECT@@PAV1@IPAX@Z 00417b8a f   mfc71u:MFC71U.DLL
 0001:00016b90       ?Create@CWnd@@UAEHPB_W0KABUtagRECT@@PAV1@IPAUCCreateContext@@@Z 00417b90 f   mfc71u:MFC71U.DLL
 0001:00016b96       ?GetConnectionHook@CCmdTarget@@MAEPAUIConnectionPoint@@ABU_GUID@@@Z 00417b96 f   mfc71u:MFC71U.DLL
 0001:00016b9c       ?GetExtraConnectionPoints@CCmdTarget@@MAEHPAVCPtrArray@@@Z 00417b9c f   mfc71u:MFC71U.DLL
 0001:00016ba2       ?GetInterfaceHook@CCmdTarget@@UAEPAUIUnknown@@PBX@Z 00417ba2 f   mfc71u:MFC71U.DLL
 0001:00016ba8       ?OnCreateAggregates@CCmdTarget@@UAEHXZ 00417ba8 f   mfc71u:MFC71U.DLL
 0001:00016bae       ?GetEventSinkMap@CCmdTarget@@MBEPBUAFX_EVENTSINKMAP@@XZ 00417bae f   mfc71u:MFC71U.DLL
 0001:00016bb4       ?GetInterfaceMap@CWnd@@MBEPBUAFX_INTERFACEMAP@@XZ 00417bb4 f   mfc71u:MFC71U.DLL
 0001:00016bba       ?GetConnectionMap@CCmdTarget@@MBEPBUAFX_CONNECTIONMAP@@XZ 00417bba f   mfc71u:MFC71U.DLL
 0001:00016bc0       ?GetDispatchMap@CCmdTarget@@MBEPBUAFX_DISPMAP@@XZ 00417bc0 f   mfc71u:MFC71U.DLL
 0001:00016bc6       ?GetCommandMap@CCmdTarget@@MBEPBUAFX_OLECMDMAP@@XZ 00417bc6 f   mfc71u:MFC71U.DLL
 0001:00016bcc       ?GetMessageMap@CWnd@@MBEPBUAFX_MSGMAP@@XZ 00417bcc f   mfc71u:MFC71U.DLL
 0001:00016bd2       ?GetTypeLib@CCmdTarget@@UAEJKPAPAUITypeLib@@@Z 00417bd2 f   mfc71u:MFC71U.DLL
 0001:00016bd8       ?GetTypeLibCache@CCmdTarget@@UAEPAVCTypeLibCache@@XZ 00417bd8 f   mfc71u:MFC71U.DLL
 0001:00016bde       ?GetTypeInfoCount@CCmdTarget@@UAEIXZ 00417bde f   mfc71u:MFC71U.DLL
 0001:00016be4       ?GetDispatchIID@CCmdTarget@@UAEHPAU_GUID@@@Z 00417be4 f   mfc71u:MFC71U.DLL
 0001:00016bea       ?IsInvokeAllowed@CCmdTarget@@UAEHJ@Z 00417bea f   mfc71u:MFC71U.DLL
 0001:00016bf0       ?OnFinalRelease@CWnd@@UAEXXZ 00417bf0 f   mfc71u:MFC71U.DLL
 0001:00016bf6       ?OnCmdMsg@CCmdTarget@@UAEHIHPAXPAUAFX_CMDHANDLERINFO@@@Z 00417bf6 f   mfc71u:MFC71U.DLL
 0001:00016bfc       ?GetRuntimeClass@CRichEditCtrl@@UBEPAUCRuntimeClass@@XZ 00417bfc f   mfc71u:MFC71U.DLL
 0001:00016c02       ??0CWnd@@QAE@XZ            00417c02 f   mfc71u:MFC71U.DLL
 0001:00016c08       ??1CRichEditCtrl@@UAE@XZ   00417c08 f   mfc71u:MFC71U.DLL
 0001:00016c0e       ?CreatePointFont@CFont@@QAEHHPB_WPAVCDC@@@Z 00417c0e f   mfc71u:MFC71U.DLL
 0001:00016c14       ?GetStyle@CWnd@@QBEKXZ     00417c14 f   mfc71u:MFC71U.DLL
 0001:00016c1a       ?MoveWindow@CWnd@@QAEXHHHHH@Z 00417c1a f   mfc71u:MFC71U.DLL
 0001:00016c20       ?ModifyStyle@CWnd@@QAEHKKI@Z 00417c20 f   mfc71u:MFC71U.DLL
 0001:00016c26       ??1?$CStringT@_WV?$StrTraitMFC_DLL@_WV?$ChTraitsCRT@_W@ATL@@@@@ATL@@QAE@XZ 00417c26 f   mfc71u:MFC71U.DLL
 0001:00016c2c       ?GetBuffer@?$CSimpleStringT@_W$00@ATL@@QAEPA_WH@Z 00417c2c f   mfc71u:MFC71U.DLL
 0001:00016c32       ?Format@?$CStringT@_WV?$StrTraitMFC_DLL@_WV?$ChTraitsCRT@_W@ATL@@@@@ATL@@QAAXPB_WZZ 00417c32 f   mfc71u:MFC71U.DLL
 0001:00016c38       ??0?$CStringT@_WV?$StrTraitMFC_DLL@_WV?$ChTraitsCRT@_W@ATL@@@@@ATL@@QAE@PB_W@Z 00417c38 f   mfc71u:MFC71U.DLL
 0001:00016c3e       ?LoadSysPolicies@CWinApp@@UAEHXZ 00417c3e f   mfc71u:MFC71U.DLL
 0001:00016c44       ?LoadAppLangResourceDLL@CWinApp@@UAEPAUHINSTANCE__@@XZ 00417c44 f   mfc71u:MFC71U.DLL
 0001:00016c4a       ?WinHelpInternal@CWinApp@@UAEXKI@Z 00417c4a f   mfc71u:MFC71U.DLL
 0001:00016c50       ?HtmlHelpW@CWinApp@@UAEXKI@Z 00417c50 f   mfc71u:MFC71U.DLL
 0001:00016c56       ?WinHelpW@CWinApp@@UAEXKI@Z 00417c56 f   mfc71u:MFC71U.DLL
 0001:00016c5c       ?OnDDECommand@CWinApp@@UAEHPA_W@Z 00417c5c f   mfc71u:MFC71U.DLL
 0001:00016c62       ?DoWaitCursor@CWinApp@@UAEXH@Z 00417c62 f   mfc71u:MFC71U.DLL
 0001:00016c68       ?DoMessageBox@CWinApp@@UAEHPB_WII@Z 00417c68 f   mfc71u:MFC71U.DLL
 0001:00016c6e       ?SaveAllModified@CWinApp@@UAEHXZ 00417c6e f   mfc71u:MFC71U.DLL
 0001:00016c74       ?InitApplication@CWinApp@@UAEHXZ 00417c74 f   mfc71u:MFC71U.DLL
 0001:00016c7a       ?AddToRecentFileList@CWinApp@@UAEXPB_W@Z 00417c7a f   mfc71u:MFC71U.DLL
 0001:00016c80       ?OpenDocumentFile@CWinApp@@UAEPAVCDocument@@PB_W@Z 00417c80 f   mfc71u:MFC71U.DLL
 0001:00016c86       ?Unregister@CWinApp@@UAEHXZ 00417c86 f   mfc71u:MFC71U.DLL
 0001:00016c8c       ?Register@CWinApp@@UAEHXZ  00417c8c f   mfc71u:MFC71U.DLL
 0001:00016c92       ?InitLibId@CWinApp@@UAEXXZ 00417c92 f   mfc71u:MFC71U.DLL
 0001:00016c98       ?Delete@CWinThread@@UAEXXZ 00417c98 f   mfc71u:MFC71U.DLL
 0001:00016c9e       ?GetMainWnd@CWinThread@@UAEPAVCWnd@@XZ 00417c9e f   mfc71u:MFC71U.DLL
 0001:00016ca4       ?ProcessMessageFilter@CWinThread@@UAEHHPAUtagMSG@@@Z 00417ca4 f   mfc71u:MFC71U.DLL
 0001:00016caa       ?ProcessWndProcException@CWinApp@@UAEJPAVCException@@PBUtagMSG@@@Z 00417caa f   mfc71u:MFC71U.DLL
 0001:00016cb0       ?IsIdleMessage@CWinThread@@UAEHPAUtagMSG@@@Z 00417cb0 f   mfc71u:MFC71U.DLL
 0001:00016cb6       ?OnIdle@CWinApp@@UAEHJ@Z   00417cb6 f   mfc71u:MFC71U.DLL
 0001:00016cbc       ?PumpMessage@CWinThread@@UAEHXZ 00417cbc f   mfc71u:MFC71U.DLL
 0001:00016cc2       ?PreTranslateMessage@CWinThread@@UAEHPAUtagMSG@@@Z 00417cc2 f   mfc71u:MFC71U.DLL
 0001:00016cc8       ?GetInterfaceMap@CCmdTarget@@MBEPBUAFX_INTERFACEMAP@@XZ 00417cc8 f   mfc71u:MFC71U.DLL
 0001:00016cce       ?OnFinalRelease@CCmdTarget@@UAEXXZ 00417cce f   mfc71u:MFC71U.DLL
 0001:00016cd4       ?GetRuntimeClass@CWinApp@@UBEPAUCRuntimeClass@@XZ 00417cd4 f   mfc71u:MFC71U.DLL
 0001:00016cda       ??2@YAPAXI@Z               00417cda f   mfc71u:MFC71U.DLL
 0001:00016ce0       ?GetRuntimeClass@CWnd@@UBEPAUCRuntimeClass@@XZ 00417ce0 f   mfc71u:MFC71U.DLL
 0001:00016ce6       ?Compare@?$CStringT@_WV?$StrTraitMFC_DLL@_WV?$ChTraitsCRT@_W@ATL@@@@@ATL@@QBEHPB_W@Z 00417ce6 f   mfc71u:MFC71U.DLL
 0001:00016cec       ?AfxGetThread@@YGPAVCWinThread@@XZ 00417cec f   mfc71u:MFC71U.DLL
 0001:00016cf2       ??B?$CSimpleStringT@_W$00@ATL@@QBEPB_WXZ 00417cf2 f   mfc71u:MFC71U.DLL
 0001:00016cf8       ?Right@?$CStringT@_WV?$StrTraitMFC_DLL@_WV?$ChTraitsCRT@_W@ATL@@@@@ATL@@QBE?AV12@H@Z 00417cf8 f   mfc71u:MFC71U.DLL
 0001:00016cfe       ?GetLength@?$CSimpleStringT@_W$00@ATL@@QBEHXZ 00417cfe f   mfc71u:MFC71U.DLL
 0001:00016d04       ??4?$CStringT@_WV?$StrTraitMFC_DLL@_WV?$ChTraitsCRT@_W@ATL@@@@@ATL@@QAEAAV01@ABV01@@Z 00417d04 f   mfc71u:MFC71U.DLL
 0001:00016d0a       ?Left@?$CStringT@_WV?$StrTraitMFC_DLL@_WV?$ChTraitsCRT@_W@ATL@@@@@ATL@@QBE?AV12@H@Z 00417d0a f   mfc71u:MFC71U.DLL
 0001:00016d10       ?Find@?$CStringT@_WV?$StrTraitMFC_DLL@_WV?$ChTraitsCRT@_W@ATL@@@@@ATL@@QBEHPB_WH@Z 00417d10 f   mfc71u:MFC71U.DLL
 0001:00016d16       ??0?$CStringT@_WV?$StrTraitMFC_DLL@_WV?$ChTraitsCRT@_W@ATL@@@@@ATL@@QAE@XZ 00417d16 f   mfc71u:MFC71U.DLL
 0001:00016d1c       ??0?$CStringT@_WV?$StrTraitMFC_DLL@_WV?$ChTraitsCRT@_W@ATL@@@@@ATL@@QAE@ABV01@@Z 00417d1c f   mfc71u:MFC71U.DLL
 0001:00016d22       ??Y?$CStringT@_WV?$StrTraitMFC_DLL@_WV?$ChTraitsCRT@_W@ATL@@@@@ATL@@QAEAAV01@ABV?$CSimpleStringT@_W$00@1@@Z 00417d22 f   mfc71u:MFC71U.DLL
 0001:00016d28       ?GetAt@?$CSimpleStringT@_W$00@ATL@@QBE_WH@Z 00417d28 f   mfc71u:MFC71U.DLL
 0001:00016d2e       ?Insert@?$CStringT@_WV?$StrTraitMFC_DLL@_WV?$ChTraitsCRT@_W@ATL@@@@@ATL@@QAEHH_W@Z 00417d2e f   mfc71u:MFC71U.DLL
 0001:00016d34       ?OnDestroy@CWnd@@IAEXXZ    00417d34 f   mfc71u:MFC71U.DLL
 0001:00016d3a       ?GetRuntimeClass@CBrush@@UBEPAUCRuntimeClass@@XZ 00417d3a f   mfc71u:MFC71U.DLL
 0001:00016d40       ?Create@CEdit@@UAEHKABUtagRECT@@PAVCWnd@@I@Z 00417d40 f   mfc71u:MFC71U.DLL
 0001:00016d46       ?GetRuntimeClass@CEdit@@UBEPAUCRuntimeClass@@XZ 00417d46 f   mfc71u:MFC71U.DLL
 0001:00016d4c       ??1CEdit@@UAE@XZ           00417d4c f   mfc71u:MFC71U.DLL
 0001:00016d52       ?SetBkMode@CDC@@QAEHH@Z    00417d52 f   mfc71u:MFC71U.DLL
 0001:00016d58       ?GetDlgItem@CWnd@@QBEPAV1@H@Z 00417d58 f   mfc71u:MFC71U.DLL
 0001:00016d5e       ?OnCtlColor@CWnd@@IAEPAUHBRUSH__@@PAVCDC@@PAV1@I@Z 00417d5e f   mfc71u:MFC71U.DLL
 0001:00016d64       ??4?$CStringT@_WV?$StrTraitMFC_DLL@_WV?$ChTraitsCRT@_W@ATL@@@@@ATL@@QAEAAV01@PB_W@Z 00417d64 f   mfc71u:MFC71U.DLL
 0001:00016d6a       ?SetFocus@CWnd@@QAEPAV1@XZ 00417d6a f   mfc71u:MFC71U.DLL
 0001:00016d70       ?SetWindowTextW@CWnd@@QAEXPB_W@Z 00417d70 f   mfc71u:MFC71U.DLL
 0001:00016d76       ?GetWindowTextW@CWnd@@QBEXAAV?$CStringT@_WV?$StrTraitMFC_DLL@_WV?$ChTraitsCRT@_W@ATL@@@@@ATL@@@Z 00417d76 f   mfc71u:MFC71U.DLL
 0001:00016d7c       ?GetThisMessageMap@CFrameWnd@@KGPBUAFX_MSGMAP@@XZ 00417d7c f   mfc71u:MFC71U.DLL
 0001:00016d82       ?ExitHelpMode@CFrameWnd@@UAEXXZ 00417d82 f   mfc71u:MFC71U.DLL
 0001:00016d88       ?DelayUpdateFrameMenu@CFrameWnd@@UAEXPAUHMENU__@@@Z 00417d88 f   mfc71u:MFC71U.DLL
 0001:00016d8e       ?GetDefaultAccelerator@CFrameWnd@@UAEPAUHACCEL__@@XZ 00417d8e f   mfc71u:MFC71U.DLL
 0001:00016d94       ?OnUpdateFrameMenu@CFrameWnd@@UAEXPAUHMENU__@@@Z 00417d94 f   mfc71u:MFC71U.DLL
 0001:00016d9a       ?OnUpdateFrameTitle@CFrameWnd@@UAEXH@Z 00417d9a f   mfc71u:MFC71U.DLL
 0001:00016da0       ?OnCreateClient@CFrameWnd@@MAEHPAUtagCREATESTRUCTW@@PAUCCreateContext@@@Z 00417da0 f   mfc71u:MFC71U.DLL
 0001:00016da6       ?NegotiateBorderSpace@CFrameWnd@@UAEHIPAUtagRECT@@@Z 00417da6 f   mfc71u:MFC71U.DLL
 0001:00016dac       ?GetMessageBar@CFrameWnd@@UAEPAVCWnd@@XZ 00417dac f   mfc71u:MFC71U.DLL
 0001:00016db2       ?OnSetPreviewMode@CFrameWnd@@UAEXHPAUCPrintPreviewState@@@Z 00417db2 f   mfc71u:MFC71U.DLL
 0001:00016db8       ?ActivateFrame@CFrameWnd@@UAEXH@Z 00417db8 f   mfc71u:MFC71U.DLL
 0001:00016dbe       ?RecalcLayout@CFrameWnd@@UAEXH@Z 00417dbe f   mfc71u:MFC71U.DLL
 0001:00016dc4       ?GetMessageString@CFrameWnd@@UBEXIAAV?$CStringT@_WV?$StrTraitMFC_DLL@_WV?$ChTraitsCRT@_W@ATL@@@@@ATL@@@Z 00417dc4 f   mfc71u:MFC71U.DLL
 0001:00016dca       ?GetActiveFrame@CFrameWnd@@UAEPAV1@XZ 00417dca f   mfc71u:MFC71U.DLL
 0001:00016dd0       ?GetActiveDocument@CFrameWnd@@UAEPAVCDocument@@XZ 00417dd0 f   mfc71u:MFC71U.DLL
 0001:00016dd6       ?LoadFrame@CFrameWnd@@UAEHIKPAVCWnd@@PAUCCreateContext@@@Z 00417dd6 f   mfc71u:MFC71U.DLL
 0001:00016ddc       ?Create@CFrameWnd@@UAEHPB_W0KABUtagRECT@@PAVCWnd@@0KPAUCCreateContext@@@Z 00417ddc f   mfc71u:MFC71U.DLL
 0001:00016de2       ?IsFrameWnd@CFrameWnd@@UBEHXZ 00417de2 f   mfc71u:MFC71U.DLL
 0001:00016de8       ?PostNcDestroy@CFrameWnd@@MAEXXZ 00417de8 f   mfc71u:MFC71U.DLL
 0001:00016dee       ?EndModalState@CFrameWnd@@UAEXXZ 00417dee f   mfc71u:MFC71U.DLL
 0001:00016df4       ?BeginModalState@CFrameWnd@@UAEXXZ 00417df4 f   mfc71u:MFC71U.DLL
 0001:00016dfa       ?PreCreateWindow@CFrameWnd@@MAEHAAUtagCREATESTRUCTW@@@Z 00417dfa f   mfc71u:MFC71U.DLL
 0001:00016e00       ?OnCmdMsg@CFrameWnd@@UAEHIHPAXPAUAFX_CMDHANDLERINFO@@@Z 00417e00 f   mfc71u:MFC71U.DLL
 0001:00016e06       ?GetRuntimeClass@CFrameWnd@@UBEPAUCRuntimeClass@@XZ 00417e06 f   mfc71u:MFC71U.DLL
 0001:00016e0c       ??1CFrameWnd@@UAE@XZ       00417e0c f   mfc71u:MFC71U.DLL
 0001:00016e12       ?PreTranslateMessage@CFrameWnd@@UAEHPAUtagMSG@@@Z 00417e12 f   mfc71u:MFC71U.DLL
 0001:00016e18       ?OnSettingChange@CWnd@@IAEXIPB_W@Z 00417e18 f   mfc71u:MFC71U.DLL
 0001:00016e1e       ?OnCommand@CFrameWnd@@MAEHIJ@Z 00417e1e f   mfc71u:MFC71U.DLL
 0001:00016e24       ?OnSize@CFrameWnd@@IAEXIHH@Z 00417e24 f   mfc71u:MFC71U.DLL
 0001:00016e2a       ?SetWindowPos@CWnd@@QAEHPBV1@HHHHI@Z 00417e2a f   mfc71u:MFC71U.DLL
 0001:00016e30       ?ModifyStyleEx@CWnd@@QAEHKKI@Z 00417e30 f   mfc71u:MFC71U.DLL
 0001:00016e36       ?OnCreate@CFrameWnd@@IAEHPAUtagCREATESTRUCTW@@@Z 00417e36 f   mfc71u:MFC71U.DLL
 0001:00016e3c       ??1CPaintDC@@UAE@XZ        00417e3c f   mfc71u:MFC71U.DLL
 0001:00016e42       ?SetTextColor@CDC@@UAEKK@Z 00417e42 f   mfc71u:MFC71U.DLL
 0001:00016e48       ??0CPaintDC@@QAE@PAVCWnd@@@Z 00417e48 f   mfc71u:MFC71U.DLL
 0001:00016e4e       ??0CFrameWnd@@QAE@XZ       00417e4e f   mfc71u:MFC71U.DLL
 0001:00016e54       ?Create@CButton@@UAEHPB_WKABUtagRECT@@PAVCWnd@@I@Z 00417e54 f   mfc71u:MFC71U.DLL
 0001:00016e5a       ?OnChildNotify@CButton@@MAEHIIJPAJ@Z 00417e5a f   mfc71u:MFC71U.DLL
 0001:00016e60       ?GetRuntimeClass@CButton@@UBEPAUCRuntimeClass@@XZ 00417e60 f   mfc71u:MFC71U.DLL
 0001:00016e66       ?GetRuntimeClass@CBitmap@@UBEPAUCRuntimeClass@@XZ 00417e66 f   mfc71u:MFC71U.DLL
 0001:00016e6c       ?AfxFindResourceHandle@@YGPAUHINSTANCE__@@PB_W0@Z 00417e6c f   mfc71u:MFC71U.DLL
 0001:00016e72       ?Attach@CDC@@QAEHPAUHDC__@@@Z 00417e72 f   mfc71u:MFC71U.DLL
 0001:00016e78       ?SelectGdiObject@CDC@@KGPAVCGdiObject@@PAUHDC__@@PAX@Z 00417e78 f   mfc71u:MFC71U.DLL
 0001:00016e7e       ??1CDC@@UAE@XZ             00417e7e f   mfc71u:MFC71U.DLL
 0001:00016e84       ?FromHandle@CDC@@SGPAV1@PAUHDC__@@@Z 00417e84 f   mfc71u:MFC71U.DLL
 0001:00016e8a       ??0CDC@@QAE@XZ             00417e8a f   mfc71u:MFC71U.DLL
 0001:00016e90       ?DrawItem@CStatic@@UAEXPAUtagDRAWITEMSTRUCT@@@Z 00417e90 f   mfc71u:MFC71U.DLL
 0001:00016e96       ?Create@CStatic@@UAEHPB_WKABUtagRECT@@PAVCWnd@@I@Z 00417e96 f   mfc71u:MFC71U.DLL
 0001:00016e9c       ?OnChildNotify@CStatic@@MAEHIIJPAJ@Z 00417e9c f   mfc71u:MFC71U.DLL
 0001:00016ea2       ?GetRuntimeClass@CStatic@@UBEPAUCRuntimeClass@@XZ 00417ea2 f   mfc71u:MFC71U.DLL
 0001:00016ea8       ??1CStatic@@UAE@XZ         00417ea8 f   mfc71u:MFC71U.DLL
 0001:00016eae       ?GetClipBox@CDC@@UBEHPAUtagRECT@@@Z 00417eae f   mfc71u:MFC71U.DLL
 0001:00016eb4       ?ScaleWindowExt@CDC@@UAE?AVCSize@@HHHH@Z 00417eb4 f   mfc71u:MFC71U.DLL
 0001:00016eba       ?SetWindowExt@CDC@@UAE?AVCSize@@HH@Z 00417eba f   mfc71u:MFC71U.DLL
 0001:00016ec0       ?ScaleViewportExt@CDC@@UAE?AVCSize@@HHHH@Z 00417ec0 f   mfc71u:MFC71U.DLL
 0001:00016ec6       ?SetViewportExt@CDC@@UAE?AVCSize@@HH@Z 00417ec6 f   mfc71u:MFC71U.DLL
 0001:00016ecc       ?OffsetViewportOrg@CDC@@UAE?AVCPoint@@HH@Z 00417ecc f   mfc71u:MFC71U.DLL
 0001:00016ed2       ?SetViewportOrg@CDC@@UAE?AVCPoint@@HH@Z 00417ed2 f   mfc71u:MFC71U.DLL
 0001:00016ed8       ?SetMapMode@CDC@@UAEHH@Z   00417ed8 f   mfc71u:MFC71U.DLL
 0001:00016ede       ?SetBkColor@CDC@@UAEKK@Z   00417ede f   mfc71u:MFC71U.DLL
 0001:00016ee4       ?SelectObject@CDC@@UAEPAVCFont@@PAV2@@Z 00417ee4 f   mfc71u:MFC71U.DLL
 0001:00016eea       ?SelectStockObject@CDC@@UAEPAVCGdiObject@@H@Z 00417eea f   mfc71u:MFC71U.DLL
 0001:00016ef0       ?RestoreDC@CDC@@UAEHH@Z    00417ef0 f   mfc71u:MFC71U.DLL
 0001:00016ef6       ?SaveDC@CDC@@UAEHXZ        00417ef6 f   mfc71u:MFC71U.DLL
 0001:00016efc       ?ReleaseOutputDC@CDC@@UAEXXZ 00417efc f   mfc71u:MFC71U.DLL
 0001:00016f02       ?ReleaseAttribDC@CDC@@UAEXXZ 00417f02 f   mfc71u:MFC71U.DLL
 0001:00016f08       ?SetOutputDC@CDC@@UAEXPAUHDC__@@@Z 00417f08 f   mfc71u:MFC71U.DLL
 0001:00016f0e       ?SetAttribDC@CDC@@UAEXPAUHDC__@@@Z 00417f0e f   mfc71u:MFC71U.DLL
 0001:00016f14       ?GetRuntimeClass@CDC@@UBEPAUCRuntimeClass@@XZ 00417f14 f   mfc71u:MFC71U.DLL
 0001:00016f1a       ?GetScrollInfo@CWnd@@QAEHHPAUtagSCROLLINFO@@I@Z 00417f1a f   mfc71u:MFC71U.DLL
 0001:00016f20       ??1CClientDC@@UAE@XZ       00417f20 f   mfc71u:MFC71U.DLL
 0001:00016f26       ?FillSolidRect@CDC@@QAEXPBUtagRECT@@K@Z 00417f26 f   mfc71u:MFC71U.DLL
 0001:00016f2c       ??0CClientDC@@QAE@PAVCWnd@@@Z 00417f2c f   mfc71u:MFC71U.DLL
 0001:00016f32       ?GetScrollPos@CWnd@@QBEHH@Z 00417f32 f   mfc71u:MFC71U.DLL
 0001:00016f38       ?GetScrollLimit@CWnd@@QAEHH@Z 00417f38 f   mfc71u:MFC71U.DLL
 0001:00016f3e       ??Y?$CStringT@_WV?$StrTraitMFC_DLL@_WV?$ChTraitsCRT@_W@ATL@@@@@ATL@@QAEAAV01@PB_W@Z 00417f3e f   mfc71u:MFC71U.DLL
 0001:00016f44       ??1CComBSTR@ATL@@QAE@XZ    00417f44 f i mfcs71u:stdafx.obj
 0001:00016f4d       ??1stringdispid@CComTypeInfoHolder@ATL@@QAE@XZ 00417f4d f i mfcs71u:stdafx.obj
 0001:00016f56       ??_Estringdispid@CComTypeInfoHolder@ATL@@QAEPAXI@Z 00417f56 f i mfcs71u:stdafx.obj
 0001:00016ff7       _wWinMainCRTStartup        00417ff7 f   msvcrt:wcrtexew.obj
[...]
    15 0001:00001e90    16 0001:00001eac    17 0001:00001eb4    19 0001:00001eba
    20 0001:00001ecb    21 0001:00001ef0    23 0001:00001ef4    26 0001:00001f0a
    27 0001:00001f1d    28 0001:00001f27

Line numbers for .\Release_Unicode\ChatEdit.obj(c:\program files (x86)\microsoft visual studio .net 2003\vc7\atlmfc\include\afxcmn.inl) segment .text

   628 0001:00001980   738 0001:000019f0

Line numbers for .\Release_Unicode\ChatEdit.obj(c:\program files (x86)\microsoft visual studio .net 2003\vc7\atlmfc\include\afxwin2.inl) segment .text

    58 0001:00001890   105 0001:000018d0   107 0001:000018f0   135 0001:00001910
   282 0001:00001930   360 0001:00001950   406 0001:00001960   454 0001:00001970
   545 0001:000019a0   549 0001:000019b0   551 0001:000019c0

Line numbers for .\Release_Unicode\ChatEdit.obj(c:\program files (x86)\microsoft visual studio .net 2003\vc7\atlmfc\include\afxwin1.inl) segment .text

    80 0001:000017d0    82 0001:000017e0    84 0001:00001820   153 0001:00001830
   155 0001:00001840   157 0001:00001850   169 0001:00001870   168 0001:00001870

Line numbers for .\Release_Unicode\ChatEdit.obj(c:\program files (x86)\microsoft visual studio .net 2003\vc7\atlmfc\include\afx.inl) segment .text

    21 0001:000017b0    23 0001:000017c0    25 0001:000017f0    41 0001:00001800
    43 0001:00001810

Line numbers for .\Release_Unicode\ChatEdit.obj(c:\program files (x86)\microsoft visual studio .net 2003\vc7\atlmfc\include\atltypes.inl) segment .text

   110 0001:00001780   112 0001:00001790

Line numbers for .\Release_Unicode\ChatEdit.obj(h:\ry\游戏组件\定制游戏\斗地主房卡版\客户端 d3d\chatedit.cpp) segment .text

     9 0001:000016e0     9 0001:000016f0   142 0001:00001700   141 0001:00001700
   144 0001:00001704   148 0001:00001716   164 0001:00001730   163 0001:00001730
   199 0001:00001740   200 0001:00001740   201 0001:00001759   204 0001:00001765
   208 0001:00001770   207 0001:00001770    24 0001:00001a10    25 0001:00001a6f
    26 0001:00001a84    27 0001:00001a8c    31 0001:00001ab0    32 0001:00001ad3
    36 0001:00001b30    37 0001:00001b38    38 0001:00001b43    42 0001:00001b51
    45 0001:00001b60    46 0001:00001b74    47 0001:00001b82    49 0001:00001b8c
    51 0001:00001b8e    53 0001:00001ba0    54 0001:00001ba8    57 0001:00001bb6
    60 0001:00001bc4    65 0001:00001bce    67 0001:00001bed    70 0001:00001c1d
    72 0001:00001c36    74 0001:00001c51    78 0001:00001c60    80 0001:00001c66
    81 0001:00001c75   103 0001:00001c84   106 0001:00001cac   112 0001:00001cc0
   110 0001:00001cc0   115 0001:00001cc4   118 0001:00001cd5   122 0001:00001ce0
   124 0001:00001ce4   126 0001:00001cf2   128 0001:00001cf9   131 0001:00001d0c
   134 0001:00001d22   137 0001:00001d32   157 0001:00001d40   156 0001:00001d40
   160 0001:00001d57   171 0001:00001d60   172 0001:00001d63   173 0001:00001d6d
   181 0001:00001d70   175 0001:00001d73   178 0001:00001d86   180 0001:00001d8d
   181 0001:00001d90   184 0001:00001da0   185 0001:00001da0   188 0001:00001da5
   191 0001:00001db0   192 0001:00001db1   193 0001:00001dc1   196 0001:00001dc9
   213 0001:00001dd0   212 0001:00001dd0   215 0001:00001de3

Line numbers for .\Release_Unicode\CardControl.obj(c:\program files (x86)\microsoft visual studio .net 2003\vc7\atlmfc\include\afxwin2.inl) segment .text

    44 0001:00000bf0

Line numbers for .\Release_Unicode\CardControl.obj(c:\program files (x86)\microsoft visual studio .net 2003\vc7\atlmfc\include\afxwin1.inl) segment .text

    24 0001:00000be0    23 0001:00000be0

Line numbers for .\Release_Unicode\CardControl.obj(c:\program files (x86)\microsoft visual studio .net 2003\vc7\atlmfc\include\atltypes.inl) segment .text

    22 0001:00000ba0    43 0001:00000bb0    61 0001:00000bc0    80 0001:00000bd0

Line numbers for .\Release_Unicode\CardControl.obj(h:\ry\游戏组件\定制游戏\斗地主房卡版\客户端 d3d\cardcontrol.cpp) segment .text

    29 0001:00000010    30 0001:00000034    66 0001:000000b0    67 0001:000000b1
    68 0001:000000d4    70 0001:000000ea    73 0001:000000f0    76 0001:000000f0
    82 0001:00000104    85 0001:00000107    77 0001:0000010a    82 0001:0000011a
    85 0001:0000011d    78 0001:00000120    82 0001:00000130    85 0001:00000133
    79 0001:00000136    82 0001:00000146    85 0001:00000149    80 0001:0000014c
    82 0001:0000015c    85 0001:0000015f    81 0001:00000162    82 0001:00000172
    85 0001:00000175    82 0001:00000178    85 0001:0000018b    91 0001:00000190
    89 0001:00000190    97 0001:00000198   100 0001:000001a1    92 0001:000001a4
   100 0001:000001b1    93 0001:000001b4    97 0001:000001b8   100 0001:000001c4
    94 0001:000001c7   100 0001:000001d7    95 0001:000001da    97 0001:000001de
   100 0001:000001ea    96 0001:000001ed   100 0001:000001fd    97 0001:00000200
   100 0001:00000210   146 0001:00000220   147 0001:00000243   154 0001:00000280
   151 0001:00000280   165 0001:0000028a   161 0001:0000028d   162 0001:00000290
   164 0001:000002c3   165 0001:000002c5   169 0001:000002d0   172 0001:000002d1
   189 0001:000002dd   182 0001:000002e0   184 0001:00000300   185 0001:00000304
   188 0001:00000310   189 0001:00000313   195 0001:00000320   193 0001:00000320
   199 0001:00000325   201 0001:00000340   203 0001:0000034a   207 0001:0000036c
   208 0001:0000036f   214 0001:00000380   212 0001:00000380   215 0001:00000384
   217 0001:0000038e   218 0001:00000390   222 0001:000003a0   227 0001:000003a1
   229 0001:000003b0   231 0001:000003bf   232 0001:000003c4   237 0001:000003d0
   250 0001:000003e1   241 0001:000003f0   239 0001:00000408   241 0001:0000040e
   244 0001:00000410   250 0001:00000426   251 0001:0000042b   255 0001:00000430
   260 0001:00000431   262 0001:00000441   264 0001:00000455   265 0001:00000457
   264 0001:00000463   270 0001:00000467   272 0001:00000480   274 0001:00000491
   275 0001:00000496   279 0001:000004a7   280 0001:000004ad   284 0001:000004c0
   289 0001:000004d1   290 0001:000004e3   291 0001:000004f1   292 0001:000004f9
   293 0001:00000503   296 0001:0000050b   297 0001:00000515   376 0001:00000518
   302 0001:00000527   306 0001:0000052d   309 0001:00000547   310 0001:00000570
   313 0001:0000057c   316 0001:0000058f   318 0001:000005a1   320 0001:000005cc
   321 0001:000005ce   323 0001:000005d8   327 0001:000005e6   316 0001:000005ec
   364 0001:000005f5   338 0001:000005f9   375 0001:00000602   342 0001:00000620
   364 0001:00000632   344 0001:00000634   351 0001:00000644   354 0001:0000064e
   356 0001:00000660   360 0001:00000674   375 0001:00000680   364 0001:00000690
   366 0001:000006a4   372 0001:000006b6   376 0001:000006b9   380 0001:000006e0
   383 0001:000006e0   397 0001:000006ed   399 0001:00000715   400 0001:00000719
   404 0001:00000726   406 0001:0000072f   407 0001:00000731   383 0001:00000734
   407 0001:00000736   411 0001:00000740   413 0001:0000074e   414 0001:00000753
   418 0001:00000756   421 0001:00000779   422 0001:0000077b   424 0001:00000790
   426 0001:00000796   427 0001:00000797   432 0001:000007a0   435 0001:000007a9
   436 0001:000007ab   438 0001:000007b0   440 0001:000007bc   445 0001:000007d7
   449 0001:000007e0   453 0001:00000800   456 0001:0000080c   504 0001:0000081f
   459 0001:0000082e   460 0001:00000830   462 0001:00000848   464 0001:0000084d
   460 0001:0000084f   469 0001:00000855   472 0001:0000086b   476 0001:00000880
   480 0001:00000887   483 0001:000008a2   485 0001:000008b0   488 0001:000008bd
   491 0001:000008c7   493 0001:000008d9   496 0001:000008db   500 0001:000008fc
   504 0001:000008ff   508 0001:00000930   510 0001:00000930   511 0001:00000940
   517 0001:0000094b   519 0001:00000968   520 0001:0000096a   522 0001:00000983
   524 0001:00000985   525 0001:00000989   529 0001:0000099e   531 0001:000009b4
   532 0001:000009b7   511 0001:000009bb   532 0001:000009be   536 0001:000009d0
   537 0001:000009d0   538 0001:000009e3   537 0001:000009e6   538 0001:000009e8
   552 0001:000009f0   549 0001:000009f0   561 0001:00000a01   555 0001:00000a04
   557 0001:00000a10   560 0001:00000a27   561 0001:00000a2b   565 0001:00000a30
   570 0001:00000a30   574 0001:00000a42   577 0001:00000a48   581 0001:00000a70
   587 0001:00000a80   585 0001:00000a80   590 0001:00000a87   594 0001:00000a90
   596 0001:00000a90   599 0001:00000a97   605 0001:00000aa0   603 0001:00000aa0
   606 0001:00000aa4   607 0001:00000aab   610 0001:00000ab5   634 0001:00000ac0
   632 0001:00000ac0   636 0001:00000ac7   637 0001:00000ada   642 0001:00000adf
   646 0001:00000aed   641 0001:00000af0   642 0001:00000b03   646 0001:00000b16
   652 0001:00000b20   650 0001:00000b20   653 0001:00000b24   654 0001:00000b2b
   655 0001:00000b32   658 0001:00000b3c  1010 0001:00000b40  1011 0001:00000b41
  1013 0001:00000b74  1016 0001:00000b80  1017 0001:00000b80  1018 0001:00000b84
  1021 0001:00000b8e    20 0001:00000c40    25 0001:00000cbd    34 0001:00000d00
    36 0001:00000d06    37 0001:00000d0e    38 0001:00000d29    40 0001:00000d44
    43 0001:00000d60    44 0001:00000d95    48 0001:00000dd3    51 0001:00000e1b
    54 0001:00000e20    55 0001:00000e26    56 0001:00000e3c    57 0001:00000e58
    58 0001:00000e6a    60 0001:00000e86    61 0001:00000ebb    63 0001:00000f00
   106 0001:00000f10   108 0001:00000f4f   110 0001:00000f52   111 0001:00000f55
   119 0001:00000f58   120 0001:00000f5b   123 0001:00000f5f   124 0001:00000f62
   125 0001:00000f6d   126 0001:00000f81   142 0001:00000fa4   662 0001:00001000
   663 0001:00001003   666 0001:00001018   669 0001:0000101c   672 0001:00001035
   673 0001:00001039   676 0001:0000103f   677 0001:00001045   682 0001:0000105c
   885 0001:00001060   888 0001:00001066   891 0001:0000107b   893 0001:0000107f
   894 0001:0000108f   903 0001:000010a7   894 0001:000010ad   903 0001:000010b2
   898 0001:000010b8   899 0001:000010be   903 0001:000010d7   899 0001:000010dd
   903 0001:000010e3   907 0001:000010f0   910 0001:000010f4   913 0001:00001100
   915 0001:00001109   919 0001:00001119   918 0001:00001124   917 0001:00001136
   922 0001:00001139   924 0001:0000113b   928 0001:00001146   926 0001:00001165
   934 0001:00001180   938 0001:0000118e   942 0001:00001199   937 0001:0000119f
   942 0001:000011b1   936 0001:000011b7   942 0001:000011be   946 0001:000011d0
   948 0001:000011d8   953 0001:000011ee   954 0001:000011f8   958 0001:00001204
   961 0001:00001219   962 0001:00001223   965 0001:0000122e   966 0001:0000123c
   969 0001:00001246   970 0001:00001250   973 0001:00001258   976 0001:00001260
   979 0001:00001264   982 0001:00001269   985 0001:0000127c   986 0001:00001283
   987 0001:00001292   973 0001:000012a1   991 0001:000012af   992 0001:000012b5
   998 0001:000012c0   996 0001:000012c0  1001 0001:000012cf  1004 0001:000012d0
  1005 0001:000012d0  1007 0001:000012df   543 0001:000012e0   542 0001:000012e0
   544 0001:000012f1   545 0001:00001302   544 0001:00001305   545 0001:00001308
   614 0001:00001310   617 0001:00001314   621 0001:00001320   624 0001:0000132c
   625 0001:00001341   628 0001:00001354   688 0001:00001360   686 0001:00001360
   691 0001:00001366   694 0001:00001370   696 0001:00001374   697 0001:0000138f
   702 0001:00001391   701 0001:00001394   702 0001:00001396   706 0001:000013a0
   709 0001:000013a5   722 0001:000013b1   723 0001:000013ce   726 0001:000013de
   730 0001:000013f5   736 0001:00001415   737 0001:00001433   740 0001:0000143b
   742 0001:00001445   749 0001:0000144d   750 0001:0000145b   744 0001:00001463
   753 0001:00001473   756 0001:00001488   755 0001:0000149b   759 0001:0000149f
   761 0001:000014a5   767 0001:000014ab   768 0001:000014b8   770 0001:000014d0
   773 0001:000014d2   778 0001:000014dc   781 0001:000014e2   784 0001:000014ee
   793 0001:00001501   796 0001:00001558   799 0001:0000155d   800 0001:00001563
   801 0001:00001591   813 0001:00001596   816 0001:0000159c   818 0001:000015a9
   827 0001:000015af   828 0001:000015b5   831 0001:000015b9   827 0001:000015bb
   828 0001:000015c3   831 0001:000015c7   834 0001:000015c9   836 0001:000015d1
   837 0001:000015d4   838 0001:000015de   839 0001:000015e2   842 0001:000015ea
   844 0001:000015ec   846 0001:000015f2   847 0001:000015fa   850 0001:0000160a
   860 0001:0000160e   873 0001:00001686   875 0001:00001694   881 0001:000016d9
    14 0001:00019880

Line numbers for .\Release_Unicode\CardControl.obj(h:\ry\游戏组件\定制游戏\斗地主房卡版\客户端 d3d\gamelogic.h) segment .text

    67 0001:00000000

Line numbers for C:\Program Files (x86)\Microsoft Visual Studio .NET 2003\Vc7\atlmfc\lib\mfcs71u.lib(f:\vs70builds\3077\vc\mfcatl\ship\atlmfc\include\atlbase.h) segment .text

  2602 0001:000198f6

Line numbers for C:\Program Files (x86)\Microsoft Visual Studio .NET 2003\Vc7\atlmfc\lib\mfcs71u.lib(f:\vs70builds\3077\vc\mfcatl\ship\atlmfc\include\atlcomcli.h) segment .text

   629 0001:00016f44   628 0001:00016f44   630 0001:00016f4c

Line numbers for C:\Program Files (x86)\Microsoft Visual Studio .NET 2003\Vc7\atlmfc\lib\mfcs71u.lib(f:\vs70builds\3077\vc\mfcatl\ship\atlmfc\src\mfc\appmodul.cpp) segment .text

    24 0001:00018164    22 0001:00018164    32 0001:00018169    31 0001:00018169
    33 0001:0001816e    37 0001:00018175    44 0001:0001817f    45 0001:00018182
    66 0001:00019938

Line numbers for C:\Program Files (x86)\Microsoft Visual Studio .NET 2003\Vc7\lib\msvcrt.lib(f:\vs70builds\3077\vc\crtbld\crt\src\atonexit.c) segment .text

    81 0001:000172cd    76 0001:000172cd    90 0001:000172f2    96 0001:000172f3
    95 0001:000172f3    97 0001:00017304

Line numbers for C:\Program Files (x86)\Microsoft Visual Studio .NET 2003\Vc7\lib\msvcrt.lib(f:\vs70builds\3077\vc\crtbld\crt\src\merr.c) segment .text

    33 0001:00017604    32 0001:00017604    34 0001:00017606

Line numbers for C:\Program Files (x86)\Microsoft Visual Studio .NET 2003\Vc7\lib\msvcrt.lib(f:\vs70builds\3077\vc\crtbld\crt\src\ti_inst.cpp) segment .text

    17 0001:00017474    18 0001:0001747c    21 0001:000174ca    23 0001:000174cc

Line numbers for C:\Program Files (x86)\Microsoft Visual Studio .NET 2003\Vc7\lib\msvcrt.lib(f:\vs70builds\3077\vc\crtbld\crt\src\crtexe.c) segment .text

   454 0001:00016fa1   448 0001:00016fa1   455 0001:00016fa9   456 0001:00016fae
   459 0001:00016fb0   460 0001:00016fb5   461 0001:00016fbb   464 0001:00016fbd
   485 0001:00016fcf   486 0001:00016fd1   478 0001:00016fd2   481 0001:00016fdd
   469 0001:00016fe5   472 0001:00016fed   486 0001:00016ff6   202 0001:00016ff7
   214 0001:00017003   222 0001:00017008   229 0001:00017063   234 0001:00017066
   244 0001:0001706f   249 0001:0001707d   250 0001:0001708b   257 0001:00017099
   264 0001:000170a5   273 0001:000170aa   282 0001:000170af   283 0001:000170b7
   286 0001:000170c3   305 0001:000170c8   308 0001:000170d7   319 0001:000170e1
   322 0001:000170e9   329 0001:0001710b   330 0001:0001710f   336 0001:00017117
   345 0001:00017128   346 0001:00017137   347 0001:00017141   353 0001:00017144
   372 0001:00017157   373 0001:00017165   374 0001:0001716a   376 0001:0001716c
   377 0001:0001716f   390 0001:0001717c   403 0001:0001719c   404 0001:000171a1
   406 0001:000171a8   358 0001:000171b0   366 0001:000171c1   367 0001:000171c3
   409 0001:000171c8   415 0001:000171df   417 0001:000171e2   418 0001:000171e8
   420 0001:000171ef   424 0001:000171f9   425 0001:000171fb

Line numbers for C:\Program Files (x86)\Microsoft Visual Studio .NET 2003\Vc7\lib\msvcrt.lib(f:\vs70builds\3077\vc\crtbld\crt\src\dllargv.c) segment .text

    49 0001:00017607    48 0001:00017607    50 0001:00017609

Line numbers for C:\Program Files (x86)\Microsoft Visual Studio .NET 2003\Vc7\lib\msvcrt.lib(f:\vs70builds\3077\vc\crtbld\crt\src\intel\fp8.c) segment .text

    19 0001:000175ec    18 0001:000175ec    20 0001:000175fd

Line numbers for C:\Program Files (x86)\Microsoft Visual Studio .NET 2003\Vc7\lib\msvcrt.lib(f:\vs70builds\3077\vc\crtbld\crt\src\secchk.c) segment .text

   114 0001:00017210   116 0001:0001721c   117 0001:00017220   119 0001:0001722d
   123 0001:00017238   100 0001:00017241   103 0001:00017241   104 0001:00017247
   105 0001:00017249   107 0001:0001724a

Line numbers for C:\Program Files (x86)\Microsoft Visual Studio .NET 2003\Vc7\lib\msvcrt.lib(f:\vs70builds\3077\vc\crtbld\crt\src\seccinit.c) segment .text

    49 0001:0001761c    58 0001:00017622    67 0001:00017633    70 0001:0001763d
    75 0001:00017643    76 0001:0001764b    77 0001:00017653    79 0001:0001765b
    93 0001:00017665    94 0001:00017680

Line numbers for C:\Program Files (x86)\Microsoft Visual Studio .NET 2003\Vc7\atlmfc\lib\atls.lib(f:\vs70builds\3077\vc\mfcatl\ship\atlmfc\src\atl\atls\atlbase.cpp) segment .text

    67 0001:000179c3    68 0001:000179c6    69 0001:000179d0    84 0001:000179d9
    85 0001:000179e2    86 0001:000179e6    92 0001:000179f0    94 0001:000179fe
   100 0001:00017a15   101 0001:00017a22    96 0001:00017a26   103 0001:00017a32
   104 0001:00017a3a   105 0001:00017a3d   111 0001:00017a47   116 0001:00017a59
   118 0001:00017a5d   121 0001:00017a62   113 0001:00017a71   122 0001:00017a7c
    29 0001:00017acb    32 0001:00017ae6    36 0001:00017aeb    38 0001:00017b0e
    39 0001:00017b1f    41 0001:00017b25    46 0001:00017b2b    49 0001:00017b33
    51 0001:00017b41    58 0001:00017b45    62 0001:00017b5f    64 0001:00017b66
    72 0001:00017b76    73 0001:00017b7f    74 0001:00017b82    80 0001:00017b8c
    81 0001:00017bad   126 0001:0001990c

Line numbers for C:\Program Files (x86)\Microsoft Visual Studio .NET 2003\Vc7\atlmfc\lib\atls.lib(f:\vs70builds\3077\vc\mfcatl\ship\atlmfc\include\atlbase.h) segment .text

   312 0001:000178f9   316 0001:000178fc   321 0001:00017904   323 0001:00017908
   324 0001:0001790b   328 0001:00017950   330 0001:00017953   331 0001:0001795b
   332 0001:00017960   288 0001:00017961   289 0001:00017961   293 0001:00017975
   294 0001:0001797a   296 0001:0001797e   299 0001:00017984   303 0001:0001798a
   304 0001:0001798d   306 0001:00017993   308 0001:000179a0  2602 0001:00019922

Line numbers for C:\Program Files (x86)\Microsoft Visual Studio .NET 2003\Vc7\atlmfc\lib\atls.lib(f:\vs70builds\3077\vc\mfcatl\ship\atlmfc\include\atlcore.h) segment .text

   120 0001:000178e5   119 0001:000178e5   121 0001:000178ec   122 0001:000178ee
   125 0001:000178ef   124 0001:000178ef   126 0001:000178f6   127 0001:000178f8

Line numbers for C:\Program Files (x86)\Microsoft Visual Studio .NET 2003\Vc7\atlmfc\lib\atls.lib(f:\vs70builds\3077\vc\mfcatl\ship\atlmfc\include\atlexcept.h) segment .text

    95 0001:000178c1    91 0001:000178c1   103 0001:000178cb

Line numbers for C:\Program Files (x86)\Microsoft Visual Studio .NET 2003\Vc7\atlmfc\lib\atls.lib(f:\vs70builds\3077\vc\mfcatl\ship\atlmfc\include\atlsimpcoll.h) segment .text

    97 0001:0001783e   136 0001:0001784b   135 0001:0001784b   137 0001:0001784e
   162 0001:0001784f   164 0001:0001784f   167 0001:00017861   168 0001:00017868
   169 0001:00017884   170 0001:00017887   165 0001:0001788c   171 0001:0001788f
   173 0001:00017892   174 0001:00017895   178 0001:0001789b   179 0001:000178a1
   181 0001:000178a5   182 0001:000178a9   183 0001:000178ae   230 0001:000178af
   231 0001:000178b9   233 0001:000178bc   235 0001:000178bc   236 0001:000178c0
   101 0001:0001790c   100 0001:0001790c   196 0001:00017911   194 0001:00017911
   200 0001:0001791e   201 0001:00017923   247 0001:00017938   246 0001:00017938
   248 0001:0001794d   139 0001:00017a80   140 0001:00017a83   143 0001:00017a8e
   144 0001:00017a9a   145 0001:00017aa7   147 0001:00017aad   148 0001:00017ab0
   150 0001:00017ab2   151 0001:00017ac0   152 0001:00017ac3   153 0001:00017ac8
